Archive member included to satisfy reference by file (symbol)

c:/program files (x86)/atmel/studio/7.0/toolchain/arm/arm-gnu-toolchain/bin/../lib/gcc/arm-none-eabi/6.3.1/../../../../arm-none-eabi/lib/thumb/v7e-m/fpv4-sp/hard\libm.a(lib_a-w_pow.o)
                              Source/Icm426xxSelfTest.o (pow)
c:/program files (x86)/atmel/studio/7.0/toolchain/arm/arm-gnu-toolchain/bin/../lib/gcc/arm-none-eabi/6.3.1/../../../../arm-none-eabi/lib/thumb/v7e-m/fpv4-sp/hard\libm.a(lib_a-e_pow.o)
                              c:/program files (x86)/atmel/studio/7.0/toolchain/arm/arm-gnu-toolchain/bin/../lib/gcc/arm-none-eabi/6.3.1/../../../../arm-none-eabi/lib/thumb/v7e-m/fpv4-sp/hard\libm.a(lib_a-w_pow.o) (__ieee754_pow)
c:/program files (x86)/atmel/studio/7.0/toolchain/arm/arm-gnu-toolchain/bin/../lib/gcc/arm-none-eabi/6.3.1/../../../../arm-none-eabi/lib/thumb/v7e-m/fpv4-sp/hard\libm.a(lib_a-e_sqrt.o)
                              c:/program files (x86)/atmel/studio/7.0/toolchain/arm/arm-gnu-toolchain/bin/../lib/gcc/arm-none-eabi/6.3.1/../../../../arm-none-eabi/lib/thumb/v7e-m/fpv4-sp/hard\libm.a(lib_a-e_pow.o) (__ieee754_sqrt)
c:/program files (x86)/atmel/studio/7.0/toolchain/arm/arm-gnu-toolchain/bin/../lib/gcc/arm-none-eabi/6.3.1/../../../../arm-none-eabi/lib/thumb/v7e-m/fpv4-sp/hard\libm.a(lib_a-s_fabs.o)
                              c:/program files (x86)/atmel/studio/7.0/toolchain/arm/arm-gnu-toolchain/bin/../lib/gcc/arm-none-eabi/6.3.1/../../../../arm-none-eabi/lib/thumb/v7e-m/fpv4-sp/hard\libm.a(lib_a-e_pow.o) (fabs)
c:/program files (x86)/atmel/studio/7.0/toolchain/arm/arm-gnu-toolchain/bin/../lib/gcc/arm-none-eabi/6.3.1/../../../../arm-none-eabi/lib/thumb/v7e-m/fpv4-sp/hard\libm.a(lib_a-s_finite.o)
                              c:/program files (x86)/atmel/studio/7.0/toolchain/arm/arm-gnu-toolchain/bin/../lib/gcc/arm-none-eabi/6.3.1/../../../../arm-none-eabi/lib/thumb/v7e-m/fpv4-sp/hard\libm.a(lib_a-w_pow.o) (finite)
c:/program files (x86)/atmel/studio/7.0/toolchain/arm/arm-gnu-toolchain/bin/../lib/gcc/arm-none-eabi/6.3.1/../../../../arm-none-eabi/lib/thumb/v7e-m/fpv4-sp/hard\libm.a(lib_a-s_lib_ver.o)
                              c:/program files (x86)/atmel/studio/7.0/toolchain/arm/arm-gnu-toolchain/bin/../lib/gcc/arm-none-eabi/6.3.1/../../../../arm-none-eabi/lib/thumb/v7e-m/fpv4-sp/hard\libm.a(lib_a-w_pow.o) (__fdlib_version)
c:/program files (x86)/atmel/studio/7.0/toolchain/arm/arm-gnu-toolchain/bin/../lib/gcc/arm-none-eabi/6.3.1/../../../../arm-none-eabi/lib/thumb/v7e-m/fpv4-sp/hard\libm.a(lib_a-s_matherr.o)
                              c:/program files (x86)/atmel/studio/7.0/toolchain/arm/arm-gnu-toolchain/bin/../lib/gcc/arm-none-eabi/6.3.1/../../../../arm-none-eabi/lib/thumb/v7e-m/fpv4-sp/hard\libm.a(lib_a-w_pow.o) (matherr)
c:/program files (x86)/atmel/studio/7.0/toolchain/arm/arm-gnu-toolchain/bin/../lib/gcc/arm-none-eabi/6.3.1/../../../../arm-none-eabi/lib/thumb/v7e-m/fpv4-sp/hard\libm.a(lib_a-s_nan.o)
                              c:/program files (x86)/atmel/studio/7.0/toolchain/arm/arm-gnu-toolchain/bin/../lib/gcc/arm-none-eabi/6.3.1/../../../../arm-none-eabi/lib/thumb/v7e-m/fpv4-sp/hard\libm.a(lib_a-e_pow.o) (nan)
c:/program files (x86)/atmel/studio/7.0/toolchain/arm/arm-gnu-toolchain/bin/../lib/gcc/arm-none-eabi/6.3.1/../../../../arm-none-eabi/lib/thumb/v7e-m/fpv4-sp/hard\libm.a(lib_a-s_rint.o)
                              c:/program files (x86)/atmel/studio/7.0/toolchain/arm/arm-gnu-toolchain/bin/../lib/gcc/arm-none-eabi/6.3.1/../../../../arm-none-eabi/lib/thumb/v7e-m/fpv4-sp/hard\libm.a(lib_a-w_pow.o) (rint)
c:/program files (x86)/atmel/studio/7.0/toolchain/arm/arm-gnu-toolchain/bin/../lib/gcc/arm-none-eabi/6.3.1/../../../../arm-none-eabi/lib/thumb/v7e-m/fpv4-sp/hard\libm.a(lib_a-s_scalbn.o)
                              c:/program files (x86)/atmel/studio/7.0/toolchain/arm/arm-gnu-toolchain/bin/../lib/gcc/arm-none-eabi/6.3.1/../../../../arm-none-eabi/lib/thumb/v7e-m/fpv4-sp/hard\libm.a(lib_a-e_pow.o) (scalbn)
c:/program files (x86)/atmel/studio/7.0/toolchain/arm/arm-gnu-toolchain/bin/../lib/gcc/arm-none-eabi/6.3.1/../../../../arm-none-eabi/lib/thumb/v7e-m/fpv4-sp/hard\libm.a(lib_a-s_copysign.o)
                              c:/program files (x86)/atmel/studio/7.0/toolchain/arm/arm-gnu-toolchain/bin/../lib/gcc/arm-none-eabi/6.3.1/../../../../arm-none-eabi/lib/thumb/v7e-m/fpv4-sp/hard\libm.a(lib_a-s_scalbn.o) (copysign)
c:/program files (x86)/atmel/studio/7.0/toolchain/arm/arm-gnu-toolchain/bin/../lib/gcc/arm-none-eabi/6.3.1/thumb/v7e-m/fpv4-sp/hard\libgcc.a(_arm_addsubdf3.o)
                              c:/program files (x86)/atmel/studio/7.0/toolchain/arm/arm-gnu-toolchain/bin/../lib/gcc/arm-none-eabi/6.3.1/../../../../arm-none-eabi/lib/thumb/v7e-m/fpv4-sp/hard\libm.a(lib_a-e_pow.o) (__aeabi_dsub)
c:/program files (x86)/atmel/studio/7.0/toolchain/arm/arm-gnu-toolchain/bin/../lib/gcc/arm-none-eabi/6.3.1/thumb/v7e-m/fpv4-sp/hard\libgcc.a(_arm_muldivdf3.o)
[...]
Memory Configuration

Name             Origin             Length             Attributes
rom              0x00400000         0x00080000         xr
ram              0x20000000         0x00028000         xrw
*default*        0x00000000         0xffffffff

Linker script and memory map

LOAD c:/program files (x86)/atmel/studio/7.0/toolchain/arm/arm-gnu-toolchain/bin/../lib/gcc/arm-none-eabi/6.3.1/thumb/v7e-m/fpv4-sp/hard/crti.o
LOAD c:/program files (x86)/atmel/studio/7.0/toolchain/arm/arm-gnu-toolchain/bin/../lib/gcc/arm-none-eabi/6.3.1/thumb/v7e-m/fpv4-sp/hard/crtbegin.o
LOAD c:/program files (x86)/atmel/studio/7.0/toolchain/arm/arm-gnu-toolchain/bin/../lib/gcc/arm-none-eabi/6.3.1/../../../../arm-none-eabi/lib/thumb/v7e-m/fpv4-sp/hard/crt0.o
LOAD Source/main.o
LOAD Source/system-interface.o
LOAD Source/example-raw-data-registers.o
LOAD Source/Icm426xxDriver_HL.o
LOAD Source/Icm426xxDriver_HL_apex.o
LOAD Source/Icm426xxSelfTest.o
LOAD Source/Icm426xxTransport.o
LOAD Source/helperClockCalib.o
LOAD Source/common.o
LOAD Source/dbg_gpio.o
LOAD Source/delay.o
LOAD Source/flash_manager.o
LOAD Source/gpio.o
LOAD Source/i2c_master.o
LOAD Source/rtc_timer.o
LOAD Source/spi_master.o
LOAD Source/sys_timer.o
LOAD Source/timer.o
LOAD Source/uart.o
LOAD Source/uart_mngr.o
LOAD Source/DataConverter.o
LOAD Source/ErrorHelper.o
LOAD Source/InvBasicMath.o
LOAD Source/Message.o
LOAD ASF/sysclk.o
LOAD ASF/usart_serial.o
LOAD ASF/sleepmgr.o
LOAD ASF/interrupt_sam_nvic.o
LOAD ASF/read.o
LOAD ASF/write.o
LOAD ASF/board_init.o
LOAD ASF/efc.o
LOAD ASF/flexcom.o
LOAD ASF/pdc.o
LOAD ASF/pio.o
LOAD ASF/pio_handler.o
LOAD ASF/pmc.o
LOAD ASF/sleep.o
LOAD ASF/rtc.o
LOAD ASF/spi.o
LOAD ASF/supc.o
LOAD ASF/tc.o
LOAD ASF/twi.o
LOAD ASF/usart.o
LOAD ASF/startup_samg55.o
LOAD ASF/system_samg55.o
LOAD ASF/syscalls.o
LOAD ASF/flash_efc.o
START GROUP
END GROUP
LOAD c:/program files (x86)/atmel/studio/7.0/toolchain/arm/arm-gnu-toolchain/bin/../lib/gcc/arm-none-eabi/6.3.1/../../../../arm-none-eabi/lib/thumb/v7e-m/fpv4-sp/hard\libm.a
START GROUP
LOAD c:/program files (x86)/atmel/studio/7.0/toolchain/arm/arm-gnu-toolchain/bin/../lib/gcc/arm-none-eabi/6.3.1/thumb/v7e-m/fpv4-sp/hard\libgcc.a
LOAD c:/program files (x86)/atmel/studio/7.0/toolchain/arm/arm-gnu-toolchain/bin/../lib/gcc/arm-none-eabi/6.3.1/../../../../arm-none-eabi/lib/thumb/v7e-m/fpv4-sp/hard\libc.a
END GROUP
LOAD c:/program files (x86)/atmel/studio/7.0/toolchain/arm/arm-gnu-toolchain/bin/../lib/gcc/arm-none-eabi/6.3.1/thumb/v7e-m/fpv4-sp/hard/crtend.o
LOAD c:/program files (x86)/atmel/studio/7.0/toolchain/arm/arm-gnu-toolchain/bin/../lib/gcc/arm-none-eabi/6.3.1/thumb/v7e-m/fpv4-sp/hard/crtn.o
                0x00003000                __stack_size__ = DEFINED (__stack_size__)?__stack_size__:0x3000
                0x20027ffc                __ram_end__ = ((ORIGIN (ram) + LENGTH (ram)) - 0x4)

.text           0x00400000     0xc88c
                0x00400000                . = ALIGN (0x4)
                0x00400000                _sfixed = .
 *(.vectors .vectors.*)
 .vectors       0x00400000      0x148 ASF/startup_samg55.o
                0x00400000                exception_table
 *(.text .text.* .gnu.linkonce.t.*)
 .text          0x00400148       0x6c c:/program files (x86)/atmel/studio/7.0/toolchain/arm/arm-gnu-toolchain/bin/../lib/gcc/arm-none-eabi/6.3.1/thumb/v7e-m/fpv4-sp/hard/crtbegin.o
 .text.main     0x004001b4      0x140 Source/main.o
                0x004001b4                main
 .text.SetupMCUHardware
                0x004002f4       0xa0 Source/main.o
 .text.ext_interrupt_cb
                0x00400394       0x7c Source/main.o
 .text.check_rc
                0x00400410       0x3c Source/main.o
 .text.msg_printer
                0x0040044c       0x88 Source/main.o
                0x0040044c                msg_printer
 .text.inv_icm426xx_get_time_us
                0x004004d4       0x18 Source/main.o
                0x004004d4                inv_icm426xx_get_time_us
 .text.inv_icm426xx_sleep_us
                0x004004ec       0x1c Source/main.o
                0x004004ec                inv_icm426xx_sleep_us
 .text.config_uart
                0x00400508       0x30 Source/system-interface.o
                0x00400508                config_uart
 .text.inv_io_hal_init
                0x00400538       0x40 Source/system-interface.o
                0x00400538                inv_io_hal_init
 .text.inv_io_hal_read_reg
                0x00400578       0x68 Source/system-interface.o
                0x00400578                inv_io_hal_read_reg
 .text.inv_io_hal_write_reg
                0x004005e0       0x94 Source/system-interface.o
                0x004005e0                inv_io_hal_write_reg
 .text.SetupInvDevice
                0x00400674       0xcc Source/example-raw-data-registers.o
                0x00400674                SetupInvDevice
 .text.ConfigureInvDevice
                0x00400740       0xec Source/example-raw-data-registers.o
                0x00400740                ConfigureInvDevice
 .text.GetDataFromInvDevice
                0x0040082c       0x18 Source/example-raw-data-registers.o
                0x0040082c                GetDataFromInvDevice
 .text.HandleInvDeviceDataRegisters
                0x00400844      0x194 Source/example-raw-data-registers.o
                0x00400844                HandleInvDeviceDataRegisters
 .text.inv_icm426xx_set_reg_bank
                0x004009d8       0x28 Source/Icm426xxDriver_HL.o
                0x004009d8                inv_icm426xx_set_reg_bank
 .text.inv_icm426xx_init
                0x00400a00       0xb4 Source/Icm426xxDriver_HL.o
                0x00400a00                inv_icm426xx_init
 .text.inv_icm426xx_device_reset
                0x00400ab4      0x1b8 Source/Icm426xxDriver_HL.o
                0x00400ab4                inv_icm426xx_device_reset
 .text.inv_icm426xx_get_who_am_i
                0x00400c6c       0x24 Source/Icm426xxDriver_HL.o
                0x00400c6c                inv_icm426xx_get_who_am_i
 .text.inv_icm426xx_force_clock_source
                0x00400c90       0x6c Source/Icm426xxDriver_HL.o
                0x00400c90                inv_icm426xx_force_clock_source
 .text.inv_icm426xx_enable_accel_low_power_mode
                0x00400cfc      0x2ac Source/Icm426xxDriver_HL.o
                0x00400cfc                inv_icm426xx_enable_accel_low_power_mode
 .text.inv_icm426xx_enable_accel_low_noise_mode
                0x00400fa8      0x1e0 Source/Icm426xxDriver_HL.o
                0x00400fa8                inv_icm426xx_enable_accel_low_noise_mode
 .text.inv_icm426xx_enable_gyro_low_noise_mode
                0x00401188      0x24c Source/Icm426xxDriver_HL.o
                0x00401188                inv_icm426xx_enable_gyro_low_noise_mode
 .text.inv_icm426xx_configure_timestamp_resolution
                0x004013d4       0x64 Source/Icm426xxDriver_HL.o
                0x004013d4                inv_icm426xx_configure_timestamp_resolution
 .text.inv_icm426xx_get_config_int1
                0x00401438      0x13c Source/Icm426xxDriver_HL.o
                0x00401438                inv_icm426xx_get_config_int1
 .text.inv_icm426xx_set_config_ibi
                0x00401574      0x1d8 Source/Icm426xxDriver_HL.o
                0x00401574                inv_icm426xx_set_config_ibi
 .text.inv_icm426xx_set_config_int1
                0x0040174c      0x23c Source/Icm426xxDriver_HL.o
                0x0040174c                inv_icm426xx_set_config_int1
 .text.inv_icm426xx_get_data_from_registers
                0x00401988      0x178 Source/Icm426xxDriver_HL.o
                0x00401988                inv_icm426xx_get_data_from_registers
 .text.inv_icm426xx_convert_odr_bitfield_to_us
                0x00401b00       0xb8 Source/Icm426xxDriver_HL.o
                0x00401b00                inv_icm426xx_convert_odr_bitfield_to_us
 .text.inv_icm426xx_set_accel_frequency
                0x00401bb8       0xa0 Source/Icm426xxDriver_HL.o
                0x00401bb8                inv_icm426xx_set_accel_frequency
 .text.inv_icm426xx_set_gyro_frequency
                0x00401c58       0x64 Source/Icm426xxDriver_HL.o
                0x00401c58                inv_icm426xx_set_gyro_frequency
 .text.inv_icm426xx_set_accel_fsr
                0x00401cbc       0x64 Source/Icm426xxDriver_HL.o
                0x00401cbc                inv_icm426xx_set_accel_fsr
 .text.inv_icm426xx_set_gyro_fsr
                0x00401d20       0x64 Source/Icm426xxDriver_HL.o
                0x00401d20                inv_icm426xx_set_gyro_fsr
 .text.inv_icm426xx_enable_clkin_rtc
                0x00401d84       0x68 Source/Icm426xxDriver_HL.o
                0x00401d84                inv_icm426xx_enable_clkin_rtc
 .text.inv_icm426xx_disable_high_resolution_fifo
                0x00401dec       0x1e Source/Icm426xxDriver_HL.o
                0x00401dec                inv_icm426xx_disable_high_resolution_fifo
 *fill*         0x00401e0a        0x2 
 .text.inv_icm426xx_configure_fifo
                0x00401e0c      0x200 Source/Icm426xxDriver_HL.o
                0x00401e0c                inv_icm426xx_configure_fifo
 .text.inv_icm426xx_configure_serial_interface
                0x0040200c       0xf8 Source/Icm426xxDriver_HL.o
 .text.inv_icm426xx_init_hardware_from_ui
                0x00402104      0x364 Source/Icm426xxDriver_HL.o
 .text.inv_icm426xx_format_data
                0x00402468       0x56 Source/Icm426xxDriver_HL.o
 *fill*         0x004024be        0x2 
 .text.inv_icm426xx_init_transport
                0x004024c0       0xc8 Source/Icm426xxTransport.o
                0x004024c0                inv_icm426xx_init_transport
 .text.inv_icm426xx_read_reg
                0x00402588       0xcc Source/Icm426xxTransport.o
                0x00402588                inv_icm426xx_read_reg
 .text.inv_icm426xx_write_reg
                0x00402654       0xc0 Source/Icm426xxTransport.o
                0x00402654                inv_icm426xx_write_reg
 .text.get_register_cache_addr
                0x00402714       0x6c Source/Icm426xxTransport.o
 .text.is_aux_interface
                0x00402780       0x2a Source/Icm426xxTransport.o
 *fill*         0x004027aa        0x2 
 .text.sysclk_enable_peripheral_clock
                0x004027ac       0x1c Source/common.o
 .text.ioport_init
                0x004027c8       0x18 Source/common.o
 .text.ioport_set_pin_dir
                0x004027e0       0x88 Source/common.o
 .text.ioport_set_pin_level
                0x00402868       0x6c Source/common.o
 .text.inv_board_hal_init
                0x004028d4       0x3c Source/common.o
                0x004028d4                inv_board_hal_init
 .text.inv_disable_irq
                0x00402910       0x28 Source/common.o
                0x00402910                inv_disable_irq
 .text.inv_enable_irq
                0x00402938       0x28 Source/common.o
                0x00402938                inv_enable_irq
 .text.start_timer
                0x00402960       0x1c Source/delay.o
 .text.stop_timer
                0x0040297c       0x1c Source/delay.o
 .text.internal_delay
                0x00402998       0x60 Source/delay.o
 .text.inv_delay_init
                0x004029f8       0x2c Source/delay.o
                0x004029f8                inv_delay_init
 .text.inv_delay_us
                0x00402a24       0x7c Source/delay.o
                0x00402a24                inv_delay_us
 .text.inv_gpio_sensor_irq_init
                0x00402aa0      0x170 Source/gpio.o
                0x00402aa0                inv_gpio_sensor_irq_init
 .text.gpio_common_callback
                0x00402c10       0xa0 Source/gpio.o
 .text.osc_get_rate
                0x00402cb0       0x74 Source/i2c_master.o
 .text.sysclk_get_main_hz
                0x00402d24       0x1c Source/i2c_master.o
 .text.sysclk_get_peripheral_hz
                0x00402d40       0x14 Source/i2c_master.o
 .text.ioport_disable_pin
                0x00402d54       0x4a Source/i2c_master.o
 .text.ioport_set_pin_mode
                0x00402d9e      0x11c Source/i2c_master.o
 *fill*         0x00402eba        0x2 
 .text.inv_i2c_master_init
                0x00402ebc       0xbc Source/i2c_master.o
                0x00402ebc                inv_i2c_master_init
 .text.inv_i2c_master_write_register
                0x00402f78       0x6c Source/i2c_master.o
                0x00402f78                inv_i2c_master_write_register
 .text.inv_i2c_master_read_register
                0x00402fe4       0x58 Source/i2c_master.o
                0x00402fe4                inv_i2c_master_read_register
 .text.RTC_Handler
                0x0040303c       0x60 Source/rtc_timer.o
                0x0040303c                RTC_Handler
 .text.NVIC_ClearPendingIRQ
                0x0040309c       0x34 Source/spi_master.o
 .text.spi_reset
                0x004030d0       0x1a Source/spi_master.o
 .text.spi_enable
                0x004030ea       0x1a Source/spi_master.o
 .text.spi_disable
                0x00403104       0x1a Source/spi_master.o
 .text.spi_set_lastxfer
                0x0040311e       0x1c Source/spi_master.o
 .text.spi_set_master_mode
                0x0040313a       0x20 Source/spi_master.o
 .text.spi_disable_mode_fault_detect
                0x0040315a       0x20 Source/spi_master.o
 .text.spi_read_status
                0x0040317a       0x18 Source/spi_master.o
 .text.spi_enable_interrupt
                0x00403192       0x1c Source/spi_master.o
 .text.spi_disable_interrupt
                0x004031ae       0x1c Source/spi_master.o
 .text.spi_get_pdc_base
                0x004031ca       0x1a Source/spi_master.o
 .text.osc_get_rate
                0x004031e4       0x74 Source/spi_master.o
 .text.sysclk_get_main_hz
                0x00403258       0x1c Source/spi_master.o
 .text.sysclk_get_peripheral_hz
                0x00403274       0x14 Source/spi_master.o
 .text.ioport_disable_pin
                0x00403288       0x4a Source/spi_master.o
 .text.ioport_set_pin_mode
                0x004032d2      0x11c Source/spi_master.o
 *fill*         0x004033ee        0x2 
 .text.spi_master_irq_handler
                0x004033f0      0x108 Source/spi_master.o
 .text.inv_spi_master_init
                0x004034f8      0x400 Source/spi_master.o
                0x004034f8                inv_spi_master_init
 .text.inv_spi_master_write_register
                0x004038f8      0x154 Source/spi_master.o
                0x004038f8                inv_spi_master_write_register
 .text.inv_spi_master_read_register
                0x00403a4c      0x234 Source/spi_master.o
                0x00403a4c                inv_spi_master_read_register
 .text.FLEXCOM5_Handler
                0x00403c80       0x14 Source/spi_master.o
                0x00403c80                FLEXCOM5_Handler
 .text.SysTick_Handler
                0x00403c94       0x1c Source/sys_timer.o
                0x00403c94                SysTick_Handler
 .text.NVIC_EnableIRQ
                0x00403cb0       0x34 Source/timer.o
 .text.NVIC_DisableIRQ
                0x00403ce4       0x34 Source/timer.o
 .text.NVIC_ClearPendingIRQ
                0x00403d18       0x34 Source/timer.o
 .text.NVIC_SetPriority
                0x00403d4c       0x54 Source/timer.o
 .text.osc_get_rate
                0x00403da0       0x74 Source/timer.o
 .text.sysclk_get_main_hz
                0x00403e14       0x1c Source/timer.o
 .text.sysclk_get_peripheral_hz
                0x00403e30       0x14 Source/timer.o
 .text.sysclk_get_peripheral_bus_hz
                0x00403e44       0x1c Source/timer.o
 .text.sysclk_enable_peripheral_clock
                0x00403e60       0x1c Source/timer.o
 .text.fusion_16bit_into_32bit
                0x00403e7c       0x4e Source/timer.o
 *fill*         0x00403eca        0x2 
 .text.inv_timer_enable
                0x00403ecc       0x80 Source/timer.o
                0x00403ecc                inv_timer_enable
 .text.inv_timer_configure_timebase
                0x00403f4c      0x20c Source/timer.o
                0x00403f4c                inv_timer_configure_timebase
 .text.inv_timer_get_counter
                0x00404158      0x134 Source/timer.o
                0x00404158                inv_timer_get_counter
 .text.inv_timer_channel_stop
                0x0040428c       0x7c Source/timer.o
                0x0040428c                inv_timer_channel_stop
 .text.timer_irq_handler
                0x00404308      0x124 Source/timer.o
 .text.TC0_Handler
                0x0040442c       0x24 Source/timer.o
                0x0040442c                TC0_Handler
 .text.TC1_Handler
                0x00404450       0x18 Source/timer.o
                0x00404450                TC1_Handler
 .text.TC2_Handler
                0x00404468       0x18 Source/timer.o
                0x00404468                TC2_Handler
 .text.TC3_Handler
                0x00404480       0x18 Source/timer.o
                0x00404480                TC3_Handler
 .text.TC4_Handler
                0x00404498       0x18 Source/timer.o
                0x00404498                TC4_Handler
 .text.TC5_Handler
                0x004044b0       0x18 Source/timer.o
                0x004044b0                TC5_Handler
 .text.NVIC_EnableIRQ
                0x004044c8       0x34 Source/uart.o
 .text.osc_get_rate
                0x004044fc       0x74 Source/uart.o
 .text.sysclk_get_main_hz
                0x00404570       0x1c Source/uart.o
 .text.sysclk_get_peripheral_hz
                0x0040458c       0x14 Source/uart.o
 .text.sysclk_enable_peripheral_clock
                0x004045a0       0x1c Source/uart.o
 .text.ioport_disable_port
                0x004045bc       0x34 Source/uart.o
 .text.ioport_set_port_mode
                0x004045f0      0x102 Source/uart.o
 *fill*         0x004046f2        0x2 
 .text.usart_serial_init
                0x004046f4      0x228 Source/uart.o
 .text.inv_uart_init
                0x0040491c      0x2b8 Source/uart.o
                0x0040491c                inv_uart_init
 .text.inv_uart_puts
                0x00404bd4       0x34 Source/uart.o
                0x00404bd4                inv_uart_puts
 .text.inv_uart_tx_txfer
                0x00404c08      0x19c Source/uart.o
                0x00404c08                inv_uart_tx_txfer
 .text.inv_uart_getc
                0x00404da4       0xc0 Source/uart.o
                0x00404da4                inv_uart_getc
 .text.inv_uart_available
                0x00404e64       0x84 Source/uart.o
                0x00404e64                inv_uart_available
 .text.inv_uart_tx_get_state
                0x00404ee8       0x2c Source/uart.o
                0x00404ee8                inv_uart_tx_get_state
 .text.uart_dma_rx
                0x00404f14      0x144 Source/uart.o
 .text.commonUSART_IRQ_HANDLER
                0x00405058       0xc0 Source/uart.o
 .text.FLEXCOM0_Handler
                0x00405118       0x14 Source/uart.o
                0x00405118                FLEXCOM0_Handler
 .text.FLEXCOM7_Handler
                0x0040512c       0x14 Source/uart.o
                0x0040512c                FLEXCOM7_Handler
 .text.buffer_pop
                0x00405140       0xc0 Source/uart_mngr.o
 .text.buffer_push
                0x00405200       0xc0 Source/uart_mngr.o
 .text.buffer_get_size
                0x004052c0       0x42 Source/uart_mngr.o
 *fill*         0x00405302        0x2 
 .text.buffer_get_available
                0x00405304       0x24 Source/uart_mngr.o
 .text.uart_tx_done_cb
                0x00405328       0x70 Source/uart_mngr.o
 .text.inv_uart_mngr_init
                0x00405398       0xb4 Source/uart_mngr.o
                0x00405398                inv_uart_mngr_init
 .text.inv_uart_mngr_puts
                0x0040544c      0x10c Source/uart_mngr.o
                0x0040544c                inv_uart_mngr_puts
 .text.inv_uart_mngr_getc
                0x00405558       0x20 Source/uart_mngr.o
                0x00405558                inv_uart_mngr_getc
 .text.inv_error_str
                0x00405578       0xf0 Source/ErrorHelper.o
                0x00405578                inv_error_str
 .text.inv_msg_setup
                0x00405668       0x44 Source/Message.o
                0x00405668                inv_msg_setup
 .text.inv_msg  0x004056ac       0x4c Source/Message.o
                0x004056ac                inv_msg
 .text.osc_enable
                0x004056f8       0x88 ASF/sysclk.o
 .text.osc_is_ready
                0x00405780       0x70 ASF/sysclk.o
 .text.osc_get_rate
                0x004057f0       0x74 ASF/sysclk.o
 .text.osc_wait_ready
                0x00405864       0x2c ASF/sysclk.o
 .text.pll_config_init
                0x00405890       0x54 ASF/sysclk.o
 .text.pll_enable
                0x004058e4       0x40 ASF/sysclk.o
 .text.pll_is_locked
                0x00405924       0x38 ASF/sysclk.o
 .text.pll_enable_source
                0x0040595c       0x38 ASF/sysclk.o
 .text.pll_wait_for_lock
                0x00405994       0x24 ASF/sysclk.o
 .text.sysclk_get_main_hz
                0x004059b8       0x1c ASF/sysclk.o
 .text.sysclk_get_cpu_hz
                0x004059d4       0x14 ASF/sysclk.o
 .text.sysclk_init
                0x004059e8       0xcc ASF/sysclk.o
                0x004059e8                sysclk_init
 .text.cpu_irq_save
                0x00405ab4       0x38 ASF/flexcom.o
 .text.cpu_irq_is_enabled_flags
                0x00405aec       0x20 ASF/flexcom.o
 .text.cpu_irq_restore
                0x00405b0c       0x30 ASF/flexcom.o
 .text.sysclk_enable_peripheral_clock
                0x00405b3c       0x1c ASF/flexcom.o
 .text.sleepmgr_lock_mode
                0x00405b58       0x44 ASF/flexcom.o
 .text.flexcom_enable
                0x00405b9c      0x168 ASF/flexcom.o
                0x00405b9c                flexcom_enable
 .text.flexcom_set_opmode
                0x00405d04       0x1e ASF/flexcom.o
                0x00405d04                flexcom_set_opmode
 .text.pdc_tx_init
                0x00405d22       0x44 ASF/pdc.o
                0x00405d22                pdc_tx_init
 .text.pdc_rx_init
                0x00405d66       0x44 ASF/pdc.o
                0x00405d66                pdc_rx_init
 .text.pdc_rx_clear_cnt
                0x00405daa       0x20 ASF/pdc.o
                0x00405daa                pdc_rx_clear_cnt
 .text.pdc_enable_transfer
                0x00405dca       0x22 ASF/pdc.o
                0x00405dca                pdc_enable_transfer
 .text.pdc_disable_transfer
                0x00405dec       0x22 ASF/pdc.o
                0x00405dec                pdc_disable_transfer
 .text.pdc_read_status
                0x00405e0e       0x18 ASF/pdc.o
                0x00405e0e                pdc_read_status
 .text.pdc_read_rx_counter
                0x00405e26       0x18 ASF/pdc.o
                0x00405e26                pdc_read_rx_counter
 .text.pio_pull_up
                0x00405e3e       0x2c ASF/pio.o
                0x00405e3e                pio_pull_up
 .text.pio_set_peripheral
                0x00405e6a       0xb0 ASF/pio.o
                0x00405e6a                pio_set_peripheral
 *fill*         0x00405f1a        0x2 
 .text.pio_set_input
                0x00405f1c       0x80 ASF/pio.o
                0x00405f1c                pio_set_input
 .text.pio_set_output
                0x00405f9c       0x64 ASF/pio.o
                0x00405f9c                pio_set_output
 .text.pio_configure
                0x00406000       0xc0 ASF/pio.o
                0x00406000                pio_configure
 .text.pio_configure_interrupt
                0x004060c0       0x6c ASF/pio.o
                0x004060c0                pio_configure_interrupt
 .text.pio_enable_interrupt
                0x0040612c       0x1c ASF/pio.o
                0x0040612c                pio_enable_interrupt
 .text.pio_disable_interrupt
                0x00406148       0x1c ASF/pio.o
                0x00406148                pio_disable_interrupt
 .text.pio_get_interrupt_status
                0x00406164       0x18 ASF/pio.o
                0x00406164                pio_get_interrupt_status
 .text.pio_get_interrupt_mask
                0x0040617c       0x18 ASF/pio.o
                0x0040617c                pio_get_interrupt_mask
 .text.NVIC_EnableIRQ
                0x00406194       0x34 ASF/pio_handler.o
 .text.NVIC_DisableIRQ
                0x004061c8       0x34 ASF/pio_handler.o
 .text.NVIC_ClearPendingIRQ
                0x004061fc       0x34 ASF/pio_handler.o
 .text.NVIC_SetPriority
                0x00406230       0x54 ASF/pio_handler.o
 .text.pio_handler_process
                0x00406284       0xb4 ASF/pio_handler.o
                0x00406284                pio_handler_process
 .text.pio_handler_set
                0x00406338       0xa0 ASF/pio_handler.o
                0x00406338                pio_handler_set
 .text.PIOA_Handler
                0x004063d8       0x18 ASF/pio_handler.o
                0x004063d8                PIOA_Handler
 .text.PIOB_Handler
                0x004063f0       0x18 ASF/pio_handler.o
                0x004063f0                PIOB_Handler
 .text.pio_handler_set_priority
                0x00406408       0x84 ASF/pio_handler.o
                0x00406408                pio_handler_set_priority
 .text.pmc_switch_mck_to_pllack
                0x0040648c       0x84 ASF/pmc.o
                0x0040648c                pmc_switch_mck_to_pllack
 .text.pmc_switch_sclk_to_32kxtal
                0x00406510       0x38 ASF/pmc.o
                0x00406510                pmc_switch_sclk_to_32kxtal
 .text.pmc_osc_is_ready_32kxtal
                0x00406548       0x34 ASF/pmc.o
                0x00406548                pmc_osc_is_ready_32kxtal
 .text.pmc_switch_mainck_to_fastrc
                0x0040657c       0x70 ASF/pmc.o
                0x0040657c                pmc_switch_mainck_to_fastrc
 .text.pmc_switch_mainck_to_xtal
                0x004065ec       0x78 ASF/pmc.o
                0x004065ec                pmc_switch_mainck_to_xtal
 .text.pmc_osc_is_ready_mainck
                0x00406664       0x1c ASF/pmc.o
                0x00406664                pmc_osc_is_ready_mainck
 .text.pmc_disable_pllack
                0x00406680       0x18 ASF/pmc.o
                0x00406680                pmc_disable_pllack
 .text.pmc_is_locked_pllack
                0x00406698       0x1c ASF/pmc.o
                0x00406698                pmc_is_locked_pllack
 .text.pmc_disable_pllbck
                0x004066b4       0x18 ASF/pmc.o
                0x004066b4                pmc_disable_pllbck
 .text.pmc_is_locked_pllbck
                0x004066cc       0x1c ASF/pmc.o
                0x004066cc                pmc_is_locked_pllbck
 .text.pmc_enable_periph_clk
                0x004066e8       0x84 ASF/pmc.o
                0x004066e8                pmc_enable_periph_clk
 .text.pmc_switch_pck_to_mck
                0x0040676c       0x58 ASF/pmc.o
                0x0040676c                pmc_switch_pck_to_mck
 .text.pmc_enable_pck
                0x004067c4       0x28 ASF/pmc.o
                0x004067c4                pmc_enable_pck
 .text.pmc_disable_pck
                0x004067ec       0x28 ASF/pmc.o
                0x004067ec                pmc_disable_pck
 .text.rtc_enable_interrupt
                0x00406814       0x1c ASF/rtc.o
                0x00406814                rtc_enable_interrupt
 .text.rtc_disable_interrupt
                0x00406830       0x1c ASF/rtc.o
                0x00406830                rtc_disable_interrupt
 .text.rtc_get_status
                0x0040684c       0x18 ASF/rtc.o
                0x0040684c                rtc_get_status
 .text.rtc_clear_status
                0x00406864       0x1c ASF/rtc.o
                0x00406864                rtc_clear_status
 .text.spi_set_peripheral_chip_select_value
                0x00406880       0x34 ASF/spi.o
                0x00406880                spi_set_peripheral_chip_select_value
 .text.spi_set_clock_polarity
                0x004068b4       0x50 ASF/spi.o
                0x004068b4                spi_set_clock_polarity
 .text.spi_set_clock_phase
                0x00406904       0x50 ASF/spi.o
                0x00406904                spi_set_clock_phase
 .text.spi_configure_cs_behavior
                0x00406954       0xa6 ASF/spi.o
                0x00406954                spi_configure_cs_behavior
 .text.spi_set_bits_per_transfer
                0x004069fa       0x4a ASF/spi.o
                0x004069fa                spi_set_bits_per_transfer
 .text.spi_set_baudrate_div
                0x00406a44       0x5e ASF/spi.o
                0x00406a44                spi_set_baudrate_div
 .text.spi_set_transfer_delay
                0x00406aa2       0x5e ASF/spi.o
                0x00406aa2                spi_set_transfer_delay
 .text.supc_set_regulator_trim_user
                0x00406b00       0x38 ASF/supc.o
                0x00406b00                supc_set_regulator_trim_user
 .text.tc_init  0x00406b38       0x3a ASF/tc.o
                0x00406b38                tc_init
 .text.tc_set_block_mode
                0x00406b72       0x1e ASF/tc.o
                0x00406b72                tc_set_block_mode
 .text.tc_start
                0x00406b90       0x22 ASF/tc.o
                0x00406b90                tc_start
 .text.tc_read_cv
                0x00406bb2       0x22 ASF/tc.o
                0x00406bb2                tc_read_cv
 .text.tc_read_rc
                0x00406bd4       0x22 ASF/tc.o
                0x00406bd4                tc_read_rc
 .text.tc_write_ra
                0x00406bf6       0x26 ASF/tc.o
                0x00406bf6                tc_write_ra
 .text.tc_write_rc
                0x00406c1c       0x26 ASF/tc.o
                0x00406c1c                tc_write_rc
 .text.tc_disable_interrupt
                0x00406c42       0x28 ASF/tc.o
                0x00406c42                tc_disable_interrupt
 .text.tc_get_status
                0x00406c6a       0x24 ASF/tc.o
                0x00406c6a                tc_get_status
 .text.twi_enable_master_mode
                0x00406c8e       0x26 ASF/twi.o
                0x00406c8e                twi_enable_master_mode
 .text.twi_master_init
                0x00406cb4       0x64 ASF/twi.o
                0x00406cb4                twi_master_init
 .text.twi_set_speed
                0x00406d18       0xf4 ASF/twi.o
                0x00406d18                twi_set_speed
 .text.twi_mk_addr
                0x00406e0c       0x5c ASF/twi.o
                0x00406e0c                twi_mk_addr
 .text.twi_master_read
                0x00406e68      0x10c ASF/twi.o
                0x00406e68                twi_master_read
 .text.twi_master_write
                0x00406f74       0xdc ASF/twi.o
                0x00406f74                twi_master_write
 .text.twi_reset
                0x00407050       0x1e ASF/twi.o
                0x00407050                twi_reset
 .text.usart_set_async_baudrate
                0x0040706e       0x8a ASF/usart.o
                0x0040706e                usart_set_async_baudrate
 .text.usart_reset
                0x004070f8       0x54 ASF/usart.o
                0x004070f8                usart_reset
 .text.usart_init_rs232
                0x0040714c       0x84 ASF/usart.o
                0x0040714c                usart_init_rs232
 .text.usart_enable_tx
                0x004071d0       0x1a ASF/usart.o
                0x004071d0                usart_enable_tx
 .text.usart_reset_tx
                0x004071ea       0x1a ASF/usart.o
                0x004071ea                usart_reset_tx
 .text.usart_enable_rx
                0x00407204       0x1a ASF/usart.o
                0x00407204                usart_enable_rx
 .text.usart_reset_rx
                0x0040721e       0x1a ASF/usart.o
                0x0040721e                usart_reset_rx
 .text.usart_enable_interrupt
                0x00407238       0x1c ASF/usart.o
                0x00407238                usart_enable_interrupt
 .text.usart_disable_interrupt
                0x00407254       0x1c ASF/usart.o
                0x00407254                usart_disable_interrupt
 .text.usart_get_status
                0x00407270       0x18 ASF/usart.o
                0x00407270                usart_get_status
 .text.usart_reset_status
                0x00407288       0x1c ASF/usart.o
                0x00407288                usart_reset_status
 .text.usart_drive_RTS_pin_high
                0x004072a4       0x1c ASF/usart.o
                0x004072a4                usart_drive_RTS_pin_high
 .text.usart_get_pdc_base
                0x004072c0       0xdc ASF/usart.o
                0x004072c0                usart_get_pdc_base
 .text.usart_disable_writeprotect
                0x0040739c       0x20 ASF/usart.o
                0x0040739c                usart_disable_writeprotect
 .text.cpu_irq_save
                0x004073bc       0x38 ASF/startup_samg55.o
 .text.cpu_irq_is_enabled_flags
                0x004073f4       0x20 ASF/startup_samg55.o
 .text.cpu_irq_restore
                0x00407414       0x30 ASF/startup_samg55.o
 .text.Reset_Handler
                0x00407444       0xd0 ASF/startup_samg55.o
                0x00407444                Reset_Handler
 .text.Dummy_Handler
                0x00407514        0x6 ASF/startup_samg55.o
                0x00407514                FLEXCOM1_Handler
                0x00407514                DebugMon_Handler
                0x00407514                HardFault_Handler
                0x00407514                FLEXCOM4_Handler
                0x00407514                PendSV_Handler
                0x00407514                NMI_Handler
                0x00407514                ADC_Handler
                0x00407514                CRCCU_Handler
                0x00407514                RTT_Handler
                0x00407514                FLEXCOM6_Handler
                0x00407514                UsageFault_Handler
                0x00407514                PDMIC1_Handler
                0x00407514                WDT_Handler
                0x00407514                ARM_Handler
                0x00407514                Dummy_Handler
                0x00407514                MEM2MEM_Handler
                0x00407514                PMC_Handler
                0x00407514                PDMIC0_Handler
                0x00407514                MemManage_Handler
                0x00407514                SUPC_Handler
                0x00407514                SVC_Handler
                0x00407514                UHP_Handler
                0x00407514                EFC_Handler
                0x00407514                I2SC0_Handler
                0x00407514                I2SC1_Handler
                0x00407514                FLEXCOM2_Handler
                0x00407514                UDP_Handler
                0x00407514                FLEXCOM3_Handler
                0x00407514                BusFault_Handler
                0x00407514                RSTC_Handler
 *fill*         0x0040751a        0x2 
 .text.SystemCoreClockUpdate
                0x0040751c      0x124 ASF/system_samg55.o
                0x0040751c                SystemCoreClockUpdate
 .text.system_init_flash
                0x00407640       0x98 ASF/system_samg55.o
                0x00407640                system_init_flash
 .text._sbrk    0x004076d8       0x58 ASF/syscalls.o
                0x004076d8                _sbrk
 .text          0x00407730      0x370 c:/program files (x86)/atmel/studio/7.0/toolchain/arm/arm-gnu-toolchain/bin/../lib/gcc/arm-none-eabi/6.3.1/thumb/v7e-m/fpv4-sp/hard\libgcc.a(_arm_addsubdf3.o)
                0x00407730                __aeabi_drsub
                0x00407738                __aeabi_dsub
                0x00407738                __subdf3
                0x0040773c                __aeabi_dadd
                0x0040773c                __adddf3
                0x004079b4                __floatunsidf
                0x004079b4                __aeabi_ui2d
                0x004079d4                __floatsidf
                0x004079d4                __aeabi_i2d
                0x004079f8                __aeabi_f2d
                0x004079f8                __extendsfdf2
                0x00407a34                __floatundidf
                0x00407a34                __aeabi_ul2d
                0x00407a44                __floatdidf
                0x00407a44                __aeabi_l2d
 .text          0x00407aa0      0x424 c:/program files (x86)/atmel/studio/7.0/toolchain/arm/arm-gnu-toolchain/bin/../lib/gcc/arm-none-eabi/6.3.1/thumb/v7e-m/fpv4-sp/hard\libgcc.a(_arm_muldivdf3.o)
                0x00407aa0                __aeabi_dmul
                0x00407aa0                __muldf3
                0x00407cf4                __divdf3
                0x00407cf4                __aeabi_ddiv
 .text          0x00407ec4      0x110 c:/program files (x86)/atmel/studio/7.0/toolchain/arm/arm-gnu-toolchain/bin/../lib/gcc/arm-none-eabi/6.3.1/thumb/v7e-m/fpv4-sp/hard\libgcc.a(_arm_cmpdf2.o)
                0x00407ec4                __gtdf2
                0x00407ec4                __gedf2
                0x00407ecc                __ltdf2
                0x00407ecc                __ledf2
                0x00407ed4                __nedf2
                0x00407ed4                __eqdf2
                0x00407ed4                __cmpdf2
                0x00407f50                __aeabi_cdrcmple
                0x00407f60                __aeabi_cdcmpeq
                0x00407f60                __aeabi_cdcmple
                0x00407f70                __aeabi_dcmpeq
                0x00407f84                __aeabi_dcmplt
                0x00407f98                __aeabi_dcmple
                0x00407fac                __aeabi_dcmpge
                0x00407fc0                __aeabi_dcmpgt
 .text          0x00407fd4       0x2c c:/program files (x86)/atmel/studio/7.0/toolchain/arm/arm-gnu-toolchain/bin/../lib/gcc/arm-none-eabi/6.3.1/thumb/v7e-m/fpv4-sp/hard\libgcc.a(_arm_unorddf2.o)
                0x00407fd4                __unorddf2
                0x00407fd4                __aeabi_dcmpun
 .text.__libc_init_array
                0x00408000       0x50 c:/program files (x86)/atmel/studio/7.0/toolchain/arm/arm-gnu-toolchain/bin/../lib/gcc/arm-none-eabi/6.3.1/../../../../arm-none-eabi/lib/thumb/v7e-m/fpv4-sp/hard\libc.a(lib_a-init.o)
                0x00408000                __libc_init_array
 .text.__retarget_lock_acquire_recursive
                0x00408050        0x4 c:/program files (x86)/atmel/studio/7.0/toolchain/arm/arm-gnu-toolchain/bin/../lib/gcc/arm-none-eabi/6.3.1/../../../../arm-none-eabi/lib/thumb/v7e-m/fpv4-sp/hard\libc.a(lib_a-lock.o)
                0x00408050                __retarget_lock_acquire_recursive
 .text.__retarget_lock_release_recursive
                0x00408054        0x4 c:/program files (x86)/atmel/studio/7.0/toolchain/arm/arm-gnu-toolchain/bin/../lib/gcc/arm-none-eabi/6.3.1/../../../../arm-none-eabi/lib/thumb/v7e-m/fpv4-sp/hard\libc.a(lib_a-lock.o)
                0x00408054                __retarget_lock_release_recursive
 .text._malloc_r
                0x00408058      0x560 c:/program files (x86)/atmel/studio/7.0/toolchain/arm/arm-gnu-toolchain/bin/../lib/gcc/arm-none-eabi/6.3.1/../../../../arm-none-eabi/lib/thumb/v7e-m/fpv4-sp/hard\libc.a(lib_a-mallocr.o)
                0x00408058                _malloc_r
 *fill*         0x004085b8        0x8 
 .text          0x004085c0       0xa0 c:/program files (x86)/atmel/studio/7.0/toolchain/arm/arm-gnu-toolchain/bin/../lib/gcc/arm-none-eabi/6.3.1/../../../../arm-none-eabi/lib/thumb/v7e-m/fpv4-sp/hard\libc.a(lib_a-memchr.o)
                0x004085c0                memchr
 .text          0x00408660      0x134 c:/program files (x86)/atmel/studio/7.0/toolchain/arm/arm-gnu-toolchain/bin/../lib/gcc/arm-none-eabi/6.3.1/../../../../arm-none-eabi/lib/thumb/v7e-m/fpv4-sp/hard\libc.a(lib_a-memcpy.o)
                0x00408660                memcpy
 .text.memmove  0x00408794       0xc8 c:/program files (x86)/atmel/studio/7.0/toolchain/arm/arm-gnu-toolchain/bin/../lib/gcc/arm-none-eabi/6.3.1/../../../../arm-none-eabi/lib/thumb/v7e-m/fpv4-sp/hard\libc.a(lib_a-memmove.o)
                0x00408794                memmove
 .text.memset   0x0040885c       0x9c c:/program files (x86)/atmel/studio/7.0/toolchain/arm/arm-gnu-toolchain/bin/../lib/gcc/arm-none-eabi/6.3.1/../../../../arm-none-eabi/lib/thumb/v7e-m/fpv4-sp/hard\libc.a(lib_a-memset.o)
                0x0040885c                memset
 .text.__malloc_lock
                0x004088f8        0xc c:/program files (x86)/atmel/studio/7.0/toolchain/arm/arm-gnu-toolchain/bin/../lib/gcc/arm-none-eabi/6.3.1/../../../../arm-none-eabi/lib/thumb/v7e-m/fpv4-sp/hard\libc.a(lib_a-mlock.o)
                0x004088f8                __malloc_lock
 .text.__malloc_unlock
                0x00408904        0xc c:/program files (x86)/atmel/studio/7.0/toolchain/arm/arm-gnu-toolchain/bin/../lib/gcc/arm-none-eabi/6.3.1/../../../../arm-none-eabi/lib/thumb/v7e-m/fpv4-sp/hard\libc.a(lib_a-mlock.o)
                0x00408904                __malloc_unlock
 .text._realloc_r
                0x00408910      0x34c c:/program files (x86)/atmel/studio/7.0/toolchain/arm/arm-gnu-toolchain/bin/../lib/gcc/arm-none-eabi/6.3.1/../../../../arm-none-eabi/lib/thumb/v7e-m/fpv4-sp/hard\libc.a(lib_a-reallocr.o)
                0x00408910                _realloc_r
 .text._sbrk_r  0x00408c5c       0x24 c:/program files (x86)/atmel/studio/7.0/toolchain/arm/arm-gnu-toolchain/bin/../lib/gcc/arm-none-eabi/6.3.1/../../../../arm-none-eabi/lib/thumb/v7e-m/fpv4-sp/hard\libc.a(lib_a-sbrkr.o)
                0x00408c5c                _sbrk_r
 .text.snprintf
                0x00408c80       0x98 c:/program files (x86)/atmel/studio/7.0/toolchain/arm/arm-gnu-toolchain/bin/../lib/gcc/arm-none-eabi/6.3.1/../../../../arm-none-eabi/lib/thumb/v7e-m/fpv4-sp/hard\libc.a(lib_a-snprintf.o)
                0x00408c80                snprintf
 *fill*         0x00408d18       0x28 
 .text          0x00408d40       0xdc c:/program files (x86)/atmel/studio/7.0/toolchain/arm/arm-gnu-toolchain/bin/../lib/gcc/arm-none-eabi/6.3.1/../../../../arm-none-eabi/lib/thumb/v7e-m/fpv4-sp/hard\libc.a(lib_a-strlen.o)
                0x00408d40                strlen
 *fill*         0x00408e1c        0x4 
 .text._svfprintf_r
                0x00408e20     0x1494 c:/program files (x86)/atmel/studio/7.0/toolchain/arm/arm-gnu-toolchain/bin/../lib/gcc/arm-none-eabi/6.3.1/../../../../arm-none-eabi/lib/thumb/v7e-m/fpv4-sp/hard\libc.a(lib_a-svfprintf.o)
                0x00408e20                _svfprintf_r
 .text._vsnprintf_r
                0x0040a2b4       0x74 c:/program files (x86)/atmel/studio/7.0/toolchain/arm/arm-gnu-toolchain/bin/../lib/gcc/arm-none-eabi/6.3.1/../../../../arm-none-eabi/lib/thumb/v7e-m/fpv4-sp/hard\libc.a(lib_a-vsnprintf.o)
                0x0040a2b4                _vsnprintf_r
 .text.vsnprintf
                0x0040a328       0x20 c:/program files (x86)/atmel/studio/7.0/toolchain/arm/arm-gnu-toolchain/bin/../lib/gcc/arm-none-eabi/6.3.1/../../../../arm-none-eabi/lib/thumb/v7e-m/fpv4-sp/hard\libc.a(lib_a-vsnprintf.o)
                0x0040a328                vsnprintf
 .text.startup.register_fini
                0x0040a348       0x14 c:/program files (x86)/atmel/studio/7.0/toolchain/arm/arm-gnu-toolchain/bin/../lib/gcc/arm-none-eabi/6.3.1/../../../../arm-none-eabi/lib/thumb/v7e-m/fpv4-sp/hard\libc.a(lib_a-__call_atexit.o)
 .text.atexit   0x0040a35c        0xc c:/program files (x86)/atmel/studio/7.0/toolchain/arm/arm-gnu-toolchain/bin/../lib/gcc/arm-none-eabi/6.3.1/../../../../arm-none-eabi/lib/thumb/v7e-m/fpv4-sp/hard\libc.a(lib_a-atexit.o)
                0x0040a35c                atexit
 .text.quorem   0x0040a368      0x128 c:/program files (x86)/atmel/studio/7.0/toolchain/arm/arm-gnu-toolchain/bin/../lib/gcc/arm-none-eabi/6.3.1/../../../../arm-none-eabi/lib/thumb/v7e-m/fpv4-sp/hard\libc.a(lib_a-dtoa.o)
 .text._dtoa_r  0x0040a490      0xe4c c:/program files (x86)/atmel/studio/7.0/toolchain/arm/arm-gnu-toolchain/bin/../lib/gcc/arm-none-eabi/6.3.1/../../../../arm-none-eabi/lib/thumb/v7e-m/fpv4-sp/hard\libc.a(lib_a-dtoa.o)
                0x0040a490                _dtoa_r
 .text.__libc_fini_array
                0x0040b2dc       0x34 c:/program files (x86)/atmel/studio/7.0/toolchain/arm/arm-gnu-toolchain/bin/../lib/gcc/arm-none-eabi/6.3.1/../../../../arm-none-eabi/lib/thumb/v7e-m/fpv4-sp/hard\libc.a(lib_a-fini.o)
                0x0040b2dc                __libc_fini_array
 .text._malloc_trim_r
                0x0040b310       0xa0 c:/program files (x86)/atmel/studio/7.0/toolchain/arm/arm-gnu-toolchain/bin/../lib/gcc/arm-none-eabi/6.3.1/../../../../arm-none-eabi/lib/thumb/v7e-m/fpv4-sp/hard\libc.a(lib_a-freer.o)
                0x0040b310                _malloc_trim_r
 .text._free_r  0x0040b3b0      0x1cc c:/program files (x86)/atmel/studio/7.0/toolchain/arm/arm-gnu-toolchain/bin/../lib/gcc/arm-none-eabi/6.3.1/../../../../arm-none-eabi/lib/thumb/v7e-m/fpv4-sp/hard\libc.a(lib_a-freer.o)
                0x0040b3b0                _free_r
 .text._localeconv_r
                0x0040b57c       0x1c c:/program files (x86)/atmel/studio/7.0/toolchain/arm/arm-gnu-toolchain/bin/../lib/gcc/arm-none-eabi/6.3.1/../../../../arm-none-eabi/lib/thumb/v7e-m/fpv4-sp/hard\libc.a(lib_a-localeconv.o)
                0x0040b57c                _localeconv_r
 .text._Balloc  0x0040b598       0x4c c:/program files (x86)/atmel/studio/7.0/toolchain/arm/arm-gnu-toolchain/bin/../lib/gcc/arm-none-eabi/6.3.1/../../../../arm-none-eabi/lib/thumb/v7e-m/fpv4-sp/hard\libc.a(lib_a-mprec.o)
                0x0040b598                _Balloc
 .text._Bfree   0x0040b5e4       0x14 c:/program files (x86)/atmel/studio/7.0/toolchain/arm/arm-gnu-toolchain/bin/../lib/gcc/arm-none-eabi/6.3.1/../../../../arm-none-eabi/lib/thumb/v7e-m/fpv4-sp/hard\libc.a(lib_a-mprec.o)
                0x0040b5e4                _Bfree
 .text.__multadd
                0x0040b5f8       0x80 c:/program files (x86)/atmel/studio/7.0/toolchain/arm/arm-gnu-toolchain/bin/../lib/gcc/arm-none-eabi/6.3.1/../../../../arm-none-eabi/lib/thumb/v7e-m/fpv4-sp/hard\libc.a(lib_a-mprec.o)
                0x0040b5f8                __multadd
 .text.__hi0bits
                0x0040b678       0x40 c:/program files (x86)/atmel/studio/7.0/toolchain/arm/arm-gnu-toolchain/bin/../lib/gcc/arm-none-eabi/6.3.1/../../../../arm-none-eabi/lib/thumb/v7e-m/fpv4-sp/hard\libc.a(lib_a-mprec.o)
                0x0040b678                __hi0bits
 .text.__lo0bits
                0x0040b6b8       0x60 c:/program files (x86)/atmel/studio/7.0/toolchain/arm/arm-gnu-toolchain/bin/../lib/gcc/arm-none-eabi/6.3.1/../../../../arm-none-eabi/lib/thumb/v7e-m/fpv4-sp/hard\libc.a(lib_a-mprec.o)
                0x0040b6b8                __lo0bits
 .text.__i2b    0x0040b718       0x14 c:/program files (x86)/atmel/studio/7.0/toolchain/arm/arm-gnu-toolchain/bin/../lib/gcc/arm-none-eabi/6.3.1/../../../../arm-none-eabi/lib/thumb/v7e-m/fpv4-sp/hard\libc.a(lib_a-mprec.o)
                0x0040b718                __i2b
 .text.__multiply
                0x0040b72c      0x124 c:/program files (x86)/atmel/studio/7.0/toolchain/arm/arm-gnu-toolchain/bin/../lib/gcc/arm-none-eabi/6.3.1/../../../../arm-none-eabi/lib/thumb/v7e-m/fpv4-sp/hard\libc.a(lib_a-mprec.o)
                0x0040b72c                __multiply
 .text.__pow5mult
                0x0040b850       0xa0 c:/program files (x86)/atmel/studio/7.0/toolchain/arm/arm-gnu-toolchain/bin/../lib/gcc/arm-none-eabi/6.3.1/../../../../arm-none-eabi/lib/thumb/v7e-m/fpv4-sp/hard\libc.a(lib_a-mprec.o)
                0x0040b850                __pow5mult
 .text.__lshift
                0x0040b8f0       0xa4 c:/program files (x86)/atmel/studio/7.0/toolchain/arm/arm-gnu-toolchain/bin/../lib/gcc/arm-none-eabi/6.3.1/../../../../arm-none-eabi/lib/thumb/v7e-m/fpv4-sp/hard\libc.a(lib_a-mprec.o)
                0x0040b8f0                __lshift
 .text.__mcmp   0x0040b994       0x38 c:/program files (x86)/atmel/studio/7.0/toolchain/arm/arm-gnu-toolchain/bin/../lib/gcc/arm-none-eabi/6.3.1/../../../../arm-none-eabi/lib/thumb/v7e-m/fpv4-sp/hard\libc.a(lib_a-mprec.o)
                0x0040b994                __mcmp
 .text.__mdiff  0x0040b9cc      0x108 c:/program files (x86)/atmel/studio/7.0/toolchain/arm/arm-gnu-toolchain/bin/../lib/gcc/arm-none-eabi/6.3.1/../../../../arm-none-eabi/lib/thumb/v7e-m/fpv4-sp/hard\libc.a(lib_a-mprec.o)
                0x0040b9cc                __mdiff
 .text.__d2b    0x0040bad4       0xbc c:/program files (x86)/atmel/studio/7.0/toolchain/arm/arm-gnu-toolchain/bin/../lib/gcc/arm-none-eabi/6.3.1/../../../../arm-none-eabi/lib/thumb/v7e-m/fpv4-sp/hard\libc.a(lib_a-mprec.o)
                0x0040bad4                __d2b
 .text.__ssprint_r
                0x0040bb90       0xfc c:/program files (x86)/atmel/studio/7.0/toolchain/arm/arm-gnu-toolchain/bin/../lib/gcc/arm-none-eabi/6.3.1/../../../../arm-none-eabi/lib/thumb/v7e-m/fpv4-sp/hard\libc.a(lib_a-svfiprintf.o)
                0x0040bb90                __ssprint_r
 .text.__register_exitproc
                0x0040bc8c       0xc4 c:/program files (x86)/atmel/studio/7.0/toolchain/arm/arm-gnu-toolchain/bin/../lib/gcc/arm-none-eabi/6.3.1/../../../../arm-none-eabi/lib/thumb/v7e-m/fpv4-sp/hard\libc.a(lib_a-__atexit.o)
                0x0040bc8c                __register_exitproc
 .text._calloc_r
                0x0040bd50       0x60 c:/program files (x86)/atmel/studio/7.0/toolchain/arm/arm-gnu-toolchain/bin/../lib/gcc/arm-none-eabi/6.3.1/../../../../arm-none-eabi/lib/thumb/v7e-m/fpv4-sp/hard\libc.a(lib_a-callocr.o)
                0x0040bd50                _calloc_r
 .text.__ascii_mbtowc
                0x0040bdb0       0x2c c:/program files (x86)/atmel/studio/7.0/toolchain/arm/arm-gnu-toolchain/bin/../lib/gcc/arm-none-eabi/6.3.1/../../../../arm-none-eabi/lib/thumb/v7e-m/fpv4-sp/hard\libc.a(lib_a-mbtowc_r.o)
                0x0040bdb0                __ascii_mbtowc
 .text.__ascii_wctomb
                0x0040bddc       0x1c c:/program files (x86)/atmel/studio/7.0/toolchain/arm/arm-gnu-toolchain/bin/../lib/gcc/arm-none-eabi/6.3.1/../../../../arm-none-eabi/lib/thumb/v7e-m/fpv4-sp/hard\libc.a(lib_a-wctomb_r.o)
                0x0040bddc                __ascii_wctomb
 .text          0x0040bdf8       0x50 c:/program files (x86)/atmel/studio/7.0/toolchain/arm/arm-gnu-toolchain/bin/../lib/gcc/arm-none-eabi/6.3.1/thumb/v7e-m/fpv4-sp/hard\libgcc.a(_arm_fixdfsi.o)
                0x0040bdf8                __aeabi_d2iz
                0x0040bdf8                __fixdfsi
 .text          0x0040be48       0x30 c:/program files (x86)/atmel/studio/7.0/toolchain/arm/arm-gnu-toolchain/bin/../lib/gcc/arm-none-eabi/6.3.1/thumb/v7e-m/fpv4-sp/hard\libgcc.a(_aeabi_uldivmod.o)
                0x0040be48                __aeabi_uldivmod
 .text          0x0040be78      0x2dc c:/program files (x86)/atmel/studio/7.0/toolchain/arm/arm-gnu-toolchain/bin/../lib/gcc/arm-none-eabi/6.3.1/thumb/v7e-m/fpv4-sp/hard\libgcc.a(_udivmoddi4.o)
                0x0040be78                __udivmoddi4
 .text          0x0040c154        0x4 c:/program files (x86)/atmel/studio/7.0/toolchain/arm/arm-gnu-toolchain/bin/../lib/gcc/arm-none-eabi/6.3.1/thumb/v7e-m/fpv4-sp/hard\libgcc.a(_dvmd_tls.o)
                0x0040c154                __aeabi_idiv0
                0x0040c154                __aeabi_ldiv0
 *(.glue_7t)
 .glue_7t       0x0040c158        0x0 linker stubs
 *(.glue_7)
 .glue_7        0x0040c158        0x0 linker stubs
 *(.rodata .rodata* .gnu.linkonce.r.*)
 .rodata        0x0040c158      0x1ef Source/main.o
 *fill*         0x0040c347        0x1 
 .rodata        0x0040c348      0x130 Source/example-raw-data-registers.o
 .rodata        0x0040c478       0x16 Source/Icm426xxDriver_HL.o
 *fill*         0x0040c48e        0x2 
 .rodata        0x0040c490      0x14e Source/ErrorHelper.o
 *fill*         0x0040c5de        0x2 
 .rodata._global_impure_ptr
                0x0040c5e0        0x4 c:/program files (x86)/atmel/studio/7.0/toolchain/arm/arm-gnu-toolchain/bin/../lib/gcc/arm-none-eabi/6.3.1/../../../../arm-none-eabi/lib/thumb/v7e-m/fpv4-sp/hard\libc.a(lib_a-impure.o)
                0x0040c5e0                _global_impure_ptr
 .rodata._svfprintf_r.str1.4
                0x0040c5e4       0x42 c:/program files (x86)/atmel/studio/7.0/toolchain/arm/arm-gnu-toolchain/bin/../lib/gcc/arm-none-eabi/6.3.1/../../../../arm-none-eabi/lib/thumb/v7e-m/fpv4-sp/hard\libc.a(lib_a-svfprintf.o)
 *fill*         0x0040c626        0x2 
 .rodata.blanks.8346
                0x0040c628       0x10 c:/program files (x86)/atmel/studio/7.0/toolchain/arm/arm-gnu-toolchain/bin/../lib/gcc/arm-none-eabi/6.3.1/../../../../arm-none-eabi/lib/thumb/v7e-m/fpv4-sp/hard\libc.a(lib_a-svfprintf.o)
 .rodata.zeroes.8347
                0x0040c638       0x10 c:/program files (x86)/atmel/studio/7.0/toolchain/arm/arm-gnu-toolchain/bin/../lib/gcc/arm-none-eabi/6.3.1/../../../../arm-none-eabi/lib/thumb/v7e-m/fpv4-sp/hard\libc.a(lib_a-svfprintf.o)
 .rodata._dtoa_r.str1.4
                0x0040c648       0x10 c:/program files (x86)/atmel/studio/7.0/toolchain/arm/arm-gnu-toolchain/bin/../lib/gcc/arm-none-eabi/6.3.1/../../../../arm-none-eabi/lib/thumb/v7e-m/fpv4-sp/hard\libc.a(lib_a-dtoa.o)
                                 0x12 (size before relaxing)
 .rodata.__mprec_bigtens
                0x0040c658       0x28 c:/program files (x86)/atmel/studio/7.0/toolchain/arm/arm-gnu-toolchain/bin/../lib/gcc/arm-none-eabi/6.3.1/../../../../arm-none-eabi/lib/thumb/v7e-m/fpv4-sp/hard\libc.a(lib_a-mprec.o)
                0x0040c658                __mprec_bigtens
 .rodata.__mprec_tens
                0x0040c680       0xc8 c:/program files (x86)/atmel/studio/7.0/toolchain/arm/arm-gnu-toolchain/bin/../lib/gcc/arm-none-eabi/6.3.1/../../../../arm-none-eabi/lib/thumb/v7e-m/fpv4-sp/hard\libc.a(lib_a-mprec.o)
                0x0040c680                __mprec_tens
 .rodata.p05.7178
                0x0040c748        0xc c:/program files (x86)/atmel/studio/7.0/toolchain/arm/arm-gnu-toolchain/bin/../lib/gcc/arm-none-eabi/6.3.1/../../../../arm-none-eabi/lib/thumb/v7e-m/fpv4-sp/hard\libc.a(lib_a-mprec.o)
 .rodata._setlocale_r.str1.4
                0x0040c754        0xa c:/program files (x86)/atmel/studio/7.0/toolchain/arm/arm-gnu-toolchain/bin/../lib/gcc/arm-none-eabi/6.3.1/../../../../arm-none-eabi/lib/thumb/v7e-m/fpv4-sp/hard\libc.a(lib_a-locale.o)
                                  0xd (size before relaxing)
 *fill*         0x0040c75e        0x2 
 .rodata.str1.4
                0x0040c760        0x4 c:/program files (x86)/atmel/studio/7.0/toolchain/arm/arm-gnu-toolchain/bin/../lib/gcc/arm-none-eabi/6.3.1/../../../../arm-none-eabi/lib/thumb/v7e-m/fpv4-sp/hard\libc.a(lib_a-locale.o)
                                  0x2 (size before relaxing)
 .rodata._ctype_
                0x0040c764      0x101 c:/program files (x86)/atmel/studio/7.0/toolchain/arm/arm-gnu-toolchain/bin/../lib/gcc/arm-none-eabi/6.3.1/../../../../arm-none-eabi/lib/thumb/v7e-m/fpv4-sp/hard\libc.a(lib_a-ctype_.o)
                0x0040c764                _ctype_
 *(.ARM.extab* .gnu.linkonce.armextab.*)
                0x0040c868                . = ALIGN (0x4)
 *fill*         0x0040c865        0x3 
 *(.init)
 .init          0x0040c868        0x4 c:/program files (x86)/atmel/studio/7.0/toolchain/arm/arm-gnu-toolchain/bin/../lib/gcc/arm-none-eabi/6.3.1/thumb/v7e-m/fpv4-sp/hard/crti.o
                0x0040c868                _init
 .init          0x0040c86c        0x8 c:/program files (x86)/atmel/studio/7.0/toolchain/arm/arm-gnu-toolchain/bin/../lib/gcc/arm-none-eabi/6.3.1/thumb/v7e-m/fpv4-sp/hard/crtn.o
                0x0040c874                . = ALIGN (0x4)
                0x0040c874                __preinit_array_start = .
 *(.preinit_array)
                0x0040c874                __preinit_array_end = .
                0x0040c874                . = ALIGN (0x4)
                0x0040c874                __init_array_start = .
 *(SORT(.init_array.*))
 .init_array.00000
                0x0040c874        0x4 c:/program files (x86)/atmel/studio/7.0/toolchain/arm/arm-gnu-toolchain/bin/../lib/gcc/arm-none-eabi/6.3.1/../../../../arm-none-eabi/lib/thumb/v7e-m/fpv4-sp/hard\libc.a(lib_a-__call_atexit.o)
 *(.init_array)
 .init_array    0x0040c878        0x4 c:/program files (x86)/atmel/studio/7.0/toolchain/arm/arm-gnu-toolchain/bin/../lib/gcc/arm-none-eabi/6.3.1/thumb/v7e-m/fpv4-sp/hard/crtbegin.o
                0x0040c87c                __init_array_end = .
                0x0040c87c                . = ALIGN (0x4)
 *crtbegin.o(.ctors)
 *(EXCLUDE_FILE(*crtend.o) .ctors)
 *(SORT(.ctors.*))
 *crtend.o(.ctors)
                0x0040c87c                . = ALIGN (0x4)
 *(.fini)
 .fini          0x0040c87c        0x4 c:/program files (x86)/atmel/studio/7.0/toolchain/arm/arm-gnu-toolchain/bin/../lib/gcc/arm-none-eabi/6.3.1/thumb/v7e-m/fpv4-sp/hard/crti.o
                0x0040c87c                _fini
 .fini          0x0040c880        0x8 c:/program files (x86)/atmel/studio/7.0/toolchain/arm/arm-gnu-toolchain/bin/../lib/gcc/arm-none-eabi/6.3.1/thumb/v7e-m/fpv4-sp/hard/crtn.o
                0x0040c888                . = ALIGN (0x4)
                0x0040c888                __fini_array_start = .
 *(.fini_array)
 .fini_array    0x0040c888        0x4 c:/program files (x86)/atmel/studio/7.0/toolchain/arm/arm-gnu-toolchain/bin/../lib/gcc/arm-none-eabi/6.3.1/thumb/v7e-m/fpv4-sp/hard/crtbegin.o
 *(SORT(.fini_array.*))
                0x0040c88c                __fini_array_end = .
 *crtbegin.o(.dtors)
 *(EXCLUDE_FILE(*crtend.o) .dtors)
 *(SORT(.dtors.*))
 *crtend.o(.dtors)
                0x0040c88c                . = ALIGN (0x4)
                0x0040c88c                _efixed = .
                [!provide]                PROVIDE (__exidx_start, .)

.vfp11_veneer   0x0040c88c        0x0
 .vfp11_veneer  0x0040c88c        0x0 linker stubs

.v4_bx          0x0040c88c        0x0
 .v4_bx         0x0040c88c        0x0 linker stubs

.iplt           0x0040c88c        0x0
 .iplt          0x0040c88c        0x0 c:/program files (x86)/atmel/studio/7.0/toolchain/arm/arm-gnu-toolchain/bin/../lib/gcc/arm-none-eabi/6.3.1/thumb/v7e-m/fpv4-sp/hard/crtbegin.o

.ARM.exidx      0x0040c88c        0x8
 *(.ARM.exidx* .gnu.linkonce.armexidx.*)
 .ARM.exidx     0x0040c88c        0x8 c:/program files (x86)/atmel/studio/7.0/toolchain/arm/arm-gnu-toolchain/bin/../lib/gcc/arm-none-eabi/6.3.1/thumb/v7e-m/fpv4-sp/hard\libgcc.a(_udivmoddi4.o)
                [!provide]                PROVIDE (__exidx_end, .)

.eh_frame       0x0040c894        0x0
 .eh_frame      0x0040c894        0x0 c:/program files (x86)/atmel/studio/7.0/toolchain/arm/arm-gnu-toolchain/bin/../lib/gcc/arm-none-eabi/6.3.1/thumb/v7e-m/fpv4-sp/hard/crtbegin.o

.rel.dyn        0x0040c894        0x0
 .rel.iplt      0x0040c894        0x0 c:/program files (x86)/atmel/studio/7.0/toolchain/arm/arm-gnu-toolchain/bin/../lib/gcc/arm-none-eabi/6.3.1/thumb/v7e-m/fpv4-sp/hard/crtbegin.o

.jcr            0x0040c894        0x0
 .jcr           0x0040c894        0x0 c:/program files (x86)/atmel/studio/7.0/toolchain/arm/arm-gnu-toolchain/bin/../lib/gcc/arm-none-eabi/6.3.1/thumb/v7e-m/fpv4-sp/hard/crtbegin.o

.igot.plt       0x0040c894        0x0
 .igot.plt      0x0040c894        0x0 c:/program files (x86)/atmel/studio/7.0/toolchain/arm/arm-gnu-toolchain/bin/../lib/gcc/arm-none-eabi/6.3.1/thumb/v7e-m/fpv4-sp/hard/crtbegin.o
                0x0040c894                . = ALIGN (0x4)
                0x0040c894                _etext = .

.relocate       0x20000000     0x2e98 load address 0x0040c894
                0x20000000                . = ALIGN (0x4)
                0x20000000                _srelocate = .
 *(.ramfunc .ramfunc.*)
 .ramfunc       0x20000000       0xf2 ASF/efc.o
                0x20000000                efc_perform_read_sequence
                0x200000a4                efc_write_fmr
                0x200000c0                efc_perform_fcr
 *(.data .data.*)
 *fill*         0x200000f2        0x2 
 .data.gm       0x200000f4       0xd8 Source/gpio.o
 .data.i2cm     0x200001cc       0x20 Source/i2c_master.o
                0x200001cc                i2cm
 .data.sm       0x200001ec     0x2118 Source/spi_master.o
                0x200001ec                sm
 .data.tm       0x20002304       0xf0 Source/timer.o
 .data.um       0x200023f4       0xb8 Source/uart.o
 .data.um       0x200024ac       0x38 Source/uart_mngr.o
 .data.g_interrupt_enabled
                0x200024e4        0x1 ASF/interrupt_sam_nvic.o
                0x200024e4                g_interrupt_enabled
 *fill*         0x200024e5        0x3 
 .data.SystemCoreClock
                0x200024e8        0x4 ASF/system_samg55.o
                0x200024e8                SystemCoreClock
 .data._impure_ptr
                0x200024ec        0x4 c:/program files (x86)/atmel/studio/7.0/toolchain/arm/arm-gnu-toolchain/bin/../lib/gcc/arm-none-eabi/6.3.1/../../../../arm-none-eabi/lib/thumb/v7e-m/fpv4-sp/hard\libc.a(lib_a-impure.o)
                0x200024ec                _impure_ptr
 .data.impure_data
                0x200024f0      0x428 c:/program files (x86)/atmel/studio/7.0/toolchain/arm/arm-gnu-toolchain/bin/../lib/gcc/arm-none-eabi/6.3.1/../../../../arm-none-eabi/lib/thumb/v7e-m/fpv4-sp/hard\libc.a(lib_a-impure.o)
 .data.__malloc_av_
                0x20002918      0x408 c:/program files (x86)/atmel/studio/7.0/toolchain/arm/arm-gnu-toolchain/bin/../lib/gcc/arm-none-eabi/6.3.1/../../../../arm-none-eabi/lib/thumb/v7e-m/fpv4-sp/hard\libc.a(lib_a-mallocr.o)
                0x20002918                __malloc_av_
 .data.__malloc_sbrk_base
                0x20002d20        0x4 c:/program files (x86)/atmel/studio/7.0/toolchain/arm/arm-gnu-toolchain/bin/../lib/gcc/arm-none-eabi/6.3.1/../../../../arm-none-eabi/lib/thumb/v7e-m/fpv4-sp/hard\libc.a(lib_a-mallocr.o)
                0x20002d20                __malloc_sbrk_base
 .data.__malloc_trim_threshold
                0x20002d24        0x4 c:/program files (x86)/atmel/studio/7.0/toolchain/arm/arm-gnu-toolchain/bin/../lib/gcc/arm-none-eabi/6.3.1/../../../../arm-none-eabi/lib/thumb/v7e-m/fpv4-sp/hard\libc.a(lib_a-mallocr.o)
                0x20002d24                __malloc_trim_threshold
 .data.__atexit_recursive_mutex
                0x20002d28        0x4 c:/program files (x86)/atmel/studio/7.0/toolchain/arm/arm-gnu-toolchain/bin/../lib/gcc/arm-none-eabi/6.3.1/../../../../arm-none-eabi/lib/thumb/v7e-m/fpv4-sp/hard\libc.a(lib_a-__call_atexit.o)
                0x20002d28                __atexit_recursive_mutex
 .data.__global_locale
                0x20002d2c      0x16c c:/program files (x86)/atmel/studio/7.0/toolchain/arm/arm-gnu-toolchain/bin/../lib/gcc/arm-none-eabi/6.3.1/../../../../arm-none-eabi/lib/thumb/v7e-m/fpv4-sp/hard\libc.a(lib_a-locale.o)
                0x20002d2c                __global_locale
                0x20002e98                . = ALIGN (0x4)
                0x20002e98                _erelocate = .

.bss            0x20002e98     0x1828 load address 0x0040f730
                0x20002e98                . = ALIGN (0x4)
                0x20002e98                _sbss = .
                0x20002e98                _szero = .
 *(.bss .bss.*)
 .bss           0x20002e98       0x1c c:/program files (x86)/atmel/studio/7.0/toolchain/arm/arm-gnu-toolchain/bin/../lib/gcc/arm-none-eabi/6.3.1/thumb/v7e-m/fpv4-sp/hard/crtbegin.o
 .bss.irq_from_device
                0x20002eb4        0x4 Source/main.o
 .bss.out_str.7053
                0x20002eb8      0x100 Source/main.o
 .bss.icm_driver
                0x20002fb8      0x880 Source/example-raw-data-registers.o
 .bss.sDisableIntCount
                0x20003838        0x4 Source/common.o
 .bss.timer_num
                0x2000383c        0x4 Source/delay.o
 .bss.sRtc_irq_handler_cb
                0x20003840        0x4 Source/rtc_timer.o
 .bss.sSystick_irq_handler_cb
                0x20003844        0x4 Source/sys_timer.o
 .bss.timer_prescaler
                0x20003848        0x4 Source/timer.o
 .bss.sensor_ctrl_uart_tx_buffer
                0x2000384c      0x800 Source/uart_mngr.o
 .bss.sensor_ctrl_uart_rx_buffer
                0x2000404c      0x100 Source/uart_mngr.o
 .bss.log_uart_tx_buffer
                0x2000414c      0x200 Source/uart_mngr.o
 .bss.log_uart_rx_buffer
                0x2000434c       0x40 Source/uart_mngr.o
 .bss.temp_buf.6107
                0x2000438c       0x40 Source/uart_mngr.o
 .bss.msg_level
                0x200043cc        0x4 Source/Message.o
 .bss.msg_printer
                0x200043d0        0x4 Source/Message.o
 .bss.gs_interrupt_sources
                0x200043d4       0x70 ASF/pio_handler.o
 .bss.gs_ul_nb_sources
                0x20004444        0x4 ASF/pio_handler.o
 .bss.ul_reg_val.8109
                0x20004448        0x4 ASF/usart.o
 .bss.heap.6011
                0x2000444c        0x4 ASF/syscalls.o
 .bss.__malloc_current_mallinfo
                0x20004450       0x28 c:/program files (x86)/atmel/studio/7.0/toolchain/arm/arm-gnu-toolchain/bin/../lib/gcc/arm-none-eabi/6.3.1/../../../../arm-none-eabi/lib/thumb/v7e-m/fpv4-sp/hard\libc.a(lib_a-mallocr.o)
                0x20004450                __malloc_current_mallinfo
 .bss.__malloc_max_sbrked_mem
                0x20004478        0x4 c:/program files (x86)/atmel/studio/7.0/toolchain/arm/arm-gnu-toolchain/bin/../lib/gcc/arm-none-eabi/6.3.1/../../../../arm-none-eabi/lib/thumb/v7e-m/fpv4-sp/hard\libc.a(lib_a-mallocr.o)
                0x20004478                __malloc_max_sbrked_mem
 .bss.__malloc_max_total_mem
                0x2000447c        0x4 c:/program files (x86)/atmel/studio/7.0/toolchain/arm/arm-gnu-toolchain/bin/../lib/gcc/arm-none-eabi/6.3.1/../../../../arm-none-eabi/lib/thumb/v7e-m/fpv4-sp/hard\libc.a(lib_a-mallocr.o)
                0x2000447c                __malloc_max_total_mem
 .bss.__malloc_top_pad
                0x20004480        0x4 c:/program files (x86)/atmel/studio/7.0/toolchain/arm/arm-gnu-toolchain/bin/../lib/gcc/arm-none-eabi/6.3.1/../../../../arm-none-eabi/lib/thumb/v7e-m/fpv4-sp/hard\libc.a(lib_a-mallocr.o)
                0x20004480                __malloc_top_pad
 *(COMMON)
 *fill*         0x20004484        0x4 
 COMMON         0x20004488      0x208 Source/main.o
                0x20004488                timestamp_buffer
 COMMON         0x20004690        0x6 ASF/sleepmgr.o
                0x20004690                sleepmgr_locks
 *fill*         0x20004696        0x2 
 COMMON         0x20004698       0x21 c:/program files (x86)/atmel/studio/7.0/toolchain/arm/arm-gnu-toolchain/bin/../lib/gcc/arm-none-eabi/6.3.1/../../../../arm-none-eabi/lib/thumb/v7e-m/fpv4-sp/hard\libc.a(lib_a-lock.o)
                0x20004698                __lock___atexit_recursive_mutex
                0x2000469c                __lock___arc4random_mutex
                0x200046a0                __lock___env_recursive_mutex
                0x200046a4                __lock___sinit_recursive_mutex
                0x200046a8                __lock___malloc_recursive_mutex
                0x200046ac                __lock___at_quick_exit_mutex
                0x200046b0                __lock___dd_hash_mutex
                0x200046b4                __lock___tz_mutex
                0x200046b8                __lock___sfp_recursive_mutex
 *fill*         0x200046b9        0x3 
 COMMON         0x200046bc        0x4 c:/program files (x86)/atmel/studio/7.0/toolchain/arm/arm-gnu-toolchain/bin/../lib/gcc/arm-none-eabi/6.3.1/../../../../arm-none-eabi/lib/thumb/v7e-m/fpv4-sp/hard\libc.a(lib_a-reent.o)
                0x200046bc                errno
                0x200046c0                . = ALIGN (0x4)
                0x200046c0                _ebss = .
                0x200046c0                _ezero = .

.stack          0x200046c0     0x3000 load address 0x00410f58
                0x200046c0                . = ALIGN (0x8)
                0x200046c0                _sstack = .
                0x200076c0                . = (. + __stack_size__)
 *fill*         0x200046c0     0x3000 
                0x200076c0                . = ALIGN (0x8)
                0x200076c0                _estack = .
                0x200076c0                . = ALIGN (0x4)
                0x200076c0                _end = .
OUTPUT(example-raw-data-registers.elf elf32-littlearm)

.ARM.attributes
                0x00000000       0x30
 .ARM.attributes
                0x00000000       0x22 c:/program files (x86)/atmel/studio/7.0/toolchain/arm/arm-gnu-toolchain/bin/../lib/gcc/arm-none-eabi/6.3.1/thumb/v7e-m/fpv4-sp/hard/crti.o
 .ARM.attributes
                0x00000022       0x34 c:/program files (x86)/atmel/studio/7.0/toolchain/arm/arm-gnu-toolchain/bin/../lib/gcc/arm-none-eabi/6.3.1/thumb/v7e-m/fpv4-sp/hard/crtbegin.o
 .ARM.attributes
                0x00000056       0x39 Source/main.o
 .ARM.attributes
                0x0000008f       0x39 Source/system-interface.o
 .ARM.attributes
                0x000000c8       0x39 Source/example-raw-data-registers.o
 .ARM.attributes
                0x00000101       0x39 Source/Icm426xxDriver_HL.o
 .ARM.attributes
                0x0000013a       0x39 Source/Icm426xxTransport.o
 .ARM.attributes
                0x00000173       0x39 Source/common.o
 .ARM.attributes
                0x000001ac       0x39 Source/delay.o
 .ARM.attributes
                0x000001e5       0x39 Source/gpio.o
 .ARM.attributes
                0x0000021e       0x39 Source/i2c_master.o
 .ARM.attributes
                0x00000257       0x39 Source/rtc_timer.o
 .ARM.attributes
                0x00000290       0x39 Source/spi_master.o
 .ARM.attributes
                0x000002c9       0x39 Source/sys_timer.o
 .ARM.attributes
                0x00000302       0x39 Source/timer.o
 .ARM.attributes
                0x0000033b       0x39 Source/uart.o
 .ARM.attributes
                0x00000374       0x39 Source/uart_mngr.o
 .ARM.attributes
                0x000003ad       0x39 Source/ErrorHelper.o
 .ARM.attributes
                0x000003e6       0x39 Source/Message.o
 .ARM.attributes
                0x0000041f       0x39 ASF/sysclk.o
 .ARM.attributes
                0x00000458       0x39 ASF/sleepmgr.o
 .ARM.attributes
                0x00000491       0x39 ASF/interrupt_sam_nvic.o
 .ARM.attributes
                0x000004ca       0x39 ASF/efc.o
 .ARM.attributes
                0x00000503       0x39 ASF/flexcom.o
 .ARM.attributes
                0x0000053c       0x39 ASF/pdc.o
 .ARM.attributes
                0x00000575       0x39 ASF/pio.o
 .ARM.attributes
                0x000005ae       0x39 ASF/pio_handler.o
 .ARM.attributes
                0x000005e7       0x39 ASF/pmc.o
 .ARM.attributes
                0x00000620       0x39 ASF/rtc.o
 .ARM.attributes
                0x00000659       0x39 ASF/spi.o
 .ARM.attributes
                0x00000692       0x39 ASF/supc.o
 .ARM.attributes
                0x000006cb       0x39 ASF/tc.o
 .ARM.attributes
                0x00000704       0x39 ASF/twi.o
 .ARM.attributes
                0x0000073d       0x39 ASF/usart.o
 .ARM.attributes
                0x00000776       0x39 ASF/startup_samg55.o
 .ARM.attributes
                0x000007af       0x39 ASF/system_samg55.o
 .ARM.attributes
                0x000007e8       0x39 ASF/syscalls.o
 .ARM.attributes
                0x00000821       0x22 c:/program files (x86)/atmel/studio/7.0/toolchain/arm/arm-gnu-toolchain/bin/../lib/gcc/arm-none-eabi/6.3.1/thumb/v7e-m/fpv4-sp/hard\libgcc.a(_arm_addsubdf3.o)
 .ARM.attributes
                0x00000843       0x22 c:/program files (x86)/atmel/studio/7.0/toolchain/arm/arm-gnu-toolchain/bin/../lib/gcc/arm-none-eabi/6.3.1/thumb/v7e-m/fpv4-sp/hard\libgcc.a(_arm_muldivdf3.o)
 .ARM.attributes
                0x00000865       0x22 c:/program files (x86)/atmel/studio/7.0/toolchain/arm/arm-gnu-toolchain/bin/../lib/gcc/arm-none-eabi/6.3.1/thumb/v7e-m/fpv4-sp/hard\libgcc.a(_arm_cmpdf2.o)
 .ARM.attributes
                0x00000887       0x22 c:/program files (x86)/atmel/studio/7.0/toolchain/arm/arm-gnu-toolchain/bin/../lib/gcc/arm-none-eabi/6.3.1/thumb/v7e-m/fpv4-sp/hard\libgcc.a(_arm_unorddf2.o)
 .ARM.attributes
                0x000008a9       0x34 c:/program files (x86)/atmel/studio/7.0/toolchain/arm/arm-gnu-toolchain/bin/../lib/gcc/arm-none-eabi/6.3.1/../../../../arm-none-eabi/lib/thumb/v7e-m/fpv4-sp/hard\libc.a(lib_a-impure.o)
 .ARM.attributes
                0x000008dd       0x34 c:/program files (x86)/atmel/studio/7.0/toolchain/arm/arm-gnu-toolchain/bin/../lib/gcc/arm-none-eabi/6.3.1/../../../../arm-none-eabi/lib/thumb/v7e-m/fpv4-sp/hard\libc.a(lib_a-init.o)
 .ARM.attributes
                0x00000911       0x34 c:/program files (x86)/atmel/studio/7.0/toolchain/arm/arm-gnu-toolchain/bin/../lib/gcc/arm-none-eabi/6.3.1/../../../../arm-none-eabi/lib/thumb/v7e-m/fpv4-sp/hard\libc.a(lib_a-lock.o)
 .ARM.attributes
                0x00000945       0x34 c:/program files (x86)/atmel/studio/7.0/toolchain/arm/arm-gnu-toolchain/bin/../lib/gcc/arm-none-eabi/6.3.1/../../../../arm-none-eabi/lib/thumb/v7e-m/fpv4-sp/hard\libc.a(lib_a-mallocr.o)
 .ARM.attributes
                0x00000979       0x20 c:/program files (x86)/atmel/studio/7.0/toolchain/arm/arm-gnu-toolchain/bin/../lib/gcc/arm-none-eabi/6.3.1/../../../../arm-none-eabi/lib/thumb/v7e-m/fpv4-sp/hard\libc.a(lib_a-memchr.o)
 .ARM.attributes
                0x00000999       0x20 c:/program files (x86)/atmel/studio/7.0/toolchain/arm/arm-gnu-toolchain/bin/../lib/gcc/arm-none-eabi/6.3.1/../../../../arm-none-eabi/lib/thumb/v7e-m/fpv4-sp/hard\libc.a(lib_a-memcpy.o)
 .ARM.attributes
                0x000009b9       0x34 c:/program files (x86)/atmel/studio/7.0/toolchain/arm/arm-gnu-toolchain/bin/../lib/gcc/arm-none-eabi/6.3.1/../../../../arm-none-eabi/lib/thumb/v7e-m/fpv4-sp/hard\libc.a(lib_a-memmove.o)
 .ARM.attributes
                0x000009ed       0x34 c:/program files (x86)/atmel/studio/7.0/toolchain/arm/arm-gnu-toolchain/bin/../lib/gcc/arm-none-eabi/6.3.1/../../../../arm-none-eabi/lib/thumb/v7e-m/fpv4-sp/hard\libc.a(lib_a-memset.o)
 .ARM.attributes
                0x00000a21       0x34 c:/program files (x86)/atmel/studio/7.0/toolchain/arm/arm-gnu-toolchain/bin/../lib/gcc/arm-none-eabi/6.3.1/../../../../arm-none-eabi/lib/thumb/v7e-m/fpv4-sp/hard\libc.a(lib_a-mlock.o)
 .ARM.attributes
                0x00000a55       0x34 c:/program files (x86)/atmel/studio/7.0/toolchain/arm/arm-gnu-toolchain/bin/../lib/gcc/arm-none-eabi/6.3.1/../../../../arm-none-eabi/lib/thumb/v7e-m/fpv4-sp/hard\libc.a(lib_a-reallocr.o)
 .ARM.attributes
                0x00000a89       0x34 c:/program files (x86)/atmel/studio/7.0/toolchain/arm/arm-gnu-toolchain/bin/../lib/gcc/arm-none-eabi/6.3.1/../../../../arm-none-eabi/lib/thumb/v7e-m/fpv4-sp/hard\libc.a(lib_a-sbrkr.o)
 .ARM.attributes
                0x00000abd       0x34 c:/program files (x86)/atmel/studio/7.0/toolchain/arm/arm-gnu-toolchain/bin/../lib/gcc/arm-none-eabi/6.3.1/../../../../arm-none-eabi/lib/thumb/v7e-m/fpv4-sp/hard\libc.a(lib_a-snprintf.o)
 .ARM.attributes
                0x00000af1       0x20 c:/program files (x86)/atmel/studio/7.0/toolchain/arm/arm-gnu-toolchain/bin/../lib/gcc/arm-none-eabi/6.3.1/../../../../arm-none-eabi/lib/thumb/v7e-m/fpv4-sp/hard\libc.a(lib_a-strlen.o)
 .ARM.attributes
                0x00000b11       0x34 c:/program files (x86)/atmel/studio/7.0/toolchain/arm/arm-gnu-toolchain/bin/../lib/gcc/arm-none-eabi/6.3.1/../../../../arm-none-eabi/lib/thumb/v7e-m/fpv4-sp/hard\libc.a(lib_a-svfprintf.o)
 .ARM.attributes
                0x00000b45       0x34 c:/program files (x86)/atmel/studio/7.0/toolchain/arm/arm-gnu-toolchain/bin/../lib/gcc/arm-none-eabi/6.3.1/../../../../arm-none-eabi/lib/thumb/v7e-m/fpv4-sp/hard\libc.a(lib_a-vsnprintf.o)
 .ARM.attributes
                0x00000b79       0x34 c:/program files (x86)/atmel/studio/7.0/toolchain/arm/arm-gnu-toolchain/bin/../lib/gcc/arm-none-eabi/6.3.1/../../../../arm-none-eabi/lib/thumb/v7e-m/fpv4-sp/hard\libc.a(lib_a-__call_atexit.o)
 .ARM.attributes
                0x00000bad       0x34 c:/program files (x86)/atmel/studio/7.0/toolchain/arm/arm-gnu-toolchain/bin/../lib/gcc/arm-none-eabi/6.3.1/../../../../arm-none-eabi/lib/thumb/v7e-m/fpv4-sp/hard\libc.a(lib_a-atexit.o)
 .ARM.attributes
                0x00000be1       0x34 c:/program files (x86)/atmel/studio/7.0/toolchain/arm/arm-gnu-toolchain/bin/../lib/gcc/arm-none-eabi/6.3.1/../../../../arm-none-eabi/lib/thumb/v7e-m/fpv4-sp/hard\libc.a(lib_a-dtoa.o)
 .ARM.attributes
                0x00000c15       0x34 c:/program files (x86)/atmel/studio/7.0/toolchain/arm/arm-gnu-toolchain/bin/../lib/gcc/arm-none-eabi/6.3.1/../../../../arm-none-eabi/lib/thumb/v7e-m/fpv4-sp/hard\libc.a(lib_a-fini.o)
 .ARM.attributes
                0x00000c49       0x34 c:/program files (x86)/atmel/studio/7.0/toolchain/arm/arm-gnu-toolchain/bin/../lib/gcc/arm-none-eabi/6.3.1/../../../../arm-none-eabi/lib/thumb/v7e-m/fpv4-sp/hard\libc.a(lib_a-freer.o)
 .ARM.attributes
                0x00000c7d       0x34 c:/program files (x86)/atmel/studio/7.0/toolchain/arm/arm-gnu-toolchain/bin/../lib/gcc/arm-none-eabi/6.3.1/../../../../arm-none-eabi/lib/thumb/v7e-m/fpv4-sp/hard\libc.a(lib_a-localeconv.o)
 .ARM.attributes
                0x00000cb1       0x34 c:/program files (x86)/atmel/studio/7.0/toolchain/arm/arm-gnu-toolchain/bin/../lib/gcc/arm-none-eabi/6.3.1/../../../../arm-none-eabi/lib/thumb/v7e-m/fpv4-sp/hard\libc.a(lib_a-mprec.o)
 .ARM.attributes
                0x00000ce5       0x34 c:/program files (x86)/atmel/studio/7.0/toolchain/arm/arm-gnu-toolchain/bin/../lib/gcc/arm-none-eabi/6.3.1/../../../../arm-none-eabi/lib/thumb/v7e-m/fpv4-sp/hard\libc.a(lib_a-reent.o)
 .ARM.attributes
                0x00000d19       0x34 c:/program files (x86)/atmel/studio/7.0/toolchain/arm/arm-gnu-toolchain/bin/../lib/gcc/arm-none-eabi/6.3.1/../../../../arm-none-eabi/lib/thumb/v7e-m/fpv4-sp/hard\libc.a(lib_a-svfiprintf.o)
 .ARM.attributes
                0x00000d4d       0x34 c:/program files (x86)/atmel/studio/7.0/toolchain/arm/arm-gnu-toolchain/bin/../lib/gcc/arm-none-eabi/6.3.1/../../../../arm-none-eabi/lib/thumb/v7e-m/fpv4-sp/hard\libc.a(lib_a-__atexit.o)
 .ARM.attributes
                0x00000d81       0x34 c:/program files (x86)/atmel/studio/7.0/toolchain/arm/arm-gnu-toolchain/bin/../lib/gcc/arm-none-eabi/6.3.1/../../../../arm-none-eabi/lib/thumb/v7e-m/fpv4-sp/hard\libc.a(lib_a-callocr.o)
 .ARM.attributes
                0x00000db5       0x34 c:/program files (x86)/atmel/studio/7.0/toolchain/arm/arm-gnu-toolchain/bin/../lib/gcc/arm-none-eabi/6.3.1/../../../../arm-none-eabi/lib/thumb/v7e-m/fpv4-sp/hard\libc.a(lib_a-locale.o)
 .ARM.attributes
                0x00000de9       0x34 c:/program files (x86)/atmel/studio/7.0/toolchain/arm/arm-gnu-toolchain/bin/../lib/gcc/arm-none-eabi/6.3.1/../../../../arm-none-eabi/lib/thumb/v7e-m/fpv4-sp/hard\libc.a(lib_a-mbtowc_r.o)
 .ARM.attributes
                0x00000e1d       0x34 c:/program files (x86)/atmel/studio/7.0/toolchain/arm/arm-gnu-toolchain/bin/../lib/gcc/arm-none-eabi/6.3.1/../../../../arm-none-eabi/lib/thumb/v7e-m/fpv4-sp/hard\libc.a(lib_a-wctomb_r.o)
 .ARM.attributes
                0x00000e51       0x34 c:/program files (x86)/atmel/studio/7.0/toolchain/arm/arm-gnu-toolchain/bin/../lib/gcc/arm-none-eabi/6.3.1/../../../../arm-none-eabi/lib/thumb/v7e-m/fpv4-sp/hard\libc.a(lib_a-ctype_.o)
 .ARM.attributes
                0x00000e85       0x22 c:/program files (x86)/atmel/studio/7.0/toolchain/arm/arm-gnu-toolchain/bin/../lib/gcc/arm-none-eabi/6.3.1/thumb/v7e-m/fpv4-sp/hard\libgcc.a(_arm_fixdfsi.o)
 .ARM.attributes
                0x00000ea7       0x22 c:/program files (x86)/atmel/studio/7.0/toolchain/arm/arm-gnu-toolchain/bin/../lib/gcc/arm-none-eabi/6.3.1/thumb/v7e-m/fpv4-sp/hard\libgcc.a(_aeabi_uldivmod.o)
 .ARM.attributes
                0x00000ec9       0x34 c:/program files (x86)/atmel/studio/7.0/toolchain/arm/arm-gnu-toolchain/bin/../lib/gcc/arm-none-eabi/6.3.1/thumb/v7e-m/fpv4-sp/hard\libgcc.a(_udivmoddi4.o)
 .ARM.attributes
                0x00000efd       0x22 c:/program files (x86)/atmel/studio/7.0/toolchain/arm/arm-gnu-toolchain/bin/../lib/gcc/arm-none-eabi/6.3.1/thumb/v7e-m/fpv4-sp/hard\libgcc.a(_dvmd_tls.o)
 .ARM.attributes
                0x00000f1f       0x22 c:/program files (x86)/atmel/studio/7.0/toolchain/arm/arm-gnu-toolchain/bin/../lib/gcc/arm-none-eabi/6.3.1/thumb/v7e-m/fpv4-sp/hard/crtn.o

.comment        0x00000000       0x59
 .comment       0x00000000       0x59 Source/main.o
                                 0x5a (size before relaxing)
 .comment       0x00000059       0x5a Source/system-interface.o
 .comment       0x00000059       0x5a Source/example-raw-data-registers.o
 .comment       0x00000059       0x5a Source/Icm426xxDriver_HL.o
 .comment       0x00000059       0x5a Source/Icm426xxTransport.o
 .comment       0x00000059       0x5a Source/common.o
 .comment       0x00000059       0x5a Source/delay.o
 .comment       0x00000059       0x5a Source/gpio.o
 .comment       0x00000059       0x5a Source/i2c_master.o
 .comment       0x00000059       0x5a Source/rtc_timer.o
 .comment       0x00000059       0x5a Source/spi_master.o
 .comment       0x00000059       0x5a Source/sys_timer.o
 .comment       0x00000059       0x5a Source/timer.o
 .comment       0x00000059       0x5a Source/uart.o
 .comment       0x00000059       0x5a Source/uart_mngr.o
 .comment       0x00000059       0x5a Source/ErrorHelper.o
 .comment       0x00000059       0x5a Source/Message.o
 .comment       0x00000059       0x5a ASF/sysclk.o
 .comment       0x00000059       0x5a ASF/sleepmgr.o
 .comment       0x00000059       0x5a ASF/interrupt_sam_nvic.o
 .comment       0x00000059       0x5a ASF/efc.o
 .comment       0x00000059       0x5a ASF/flexcom.o
 .comment       0x00000059       0x5a ASF/pdc.o
 .comment       0x00000059       0x5a ASF/pio.o
 .comment       0x00000059       0x5a ASF/pio_handler.o
 .comment       0x00000059       0x5a ASF/pmc.o
 .comment       0x00000059       0x5a ASF/rtc.o
 .comment       0x00000059       0x5a ASF/spi.o
 .comment       0x00000059       0x5a ASF/supc.o
 .comment       0x00000059       0x5a ASF/tc.o
 .comment       0x00000059       0x5a ASF/twi.o
 .comment       0x00000059       0x5a ASF/usart.o
 .comment       0x00000059       0x5a ASF/startup_samg55.o
 .comment       0x00000059       0x5a ASF/system_samg55.o
 .comment       0x00000059       0x5a ASF/syscalls.o

.debug_info     0x00000000    0x293a9
 .debug_info    0x00000000     0x123d Source/main.o
 .debug_info    0x0000123d      0xef3 Source/system-interface.o
 .debug_info    0x00002130     0x1412 Source/example-raw-data-registers.o
 .debug_info    0x00003542     0x322a Source/Icm426xxDriver_HL.o
 .debug_info    0x0000676c      0x4b1 Source/Icm426xxTransport.o
 .debug_info    0x00006c1d     0x131a Source/common.o
 .debug_info    0x00007f37      0x269 Source/delay.o
 .debug_info    0x000081a0     0x1619 Source/gpio.o
 .debug_info    0x000097b9     0x1975 Source/i2c_master.o
 .debug_info    0x0000b12e      0xd80 Source/rtc_timer.o
 .debug_info    0x0000beae     0x22df Source/spi_master.o
 .debug_info    0x0000e18d     0x1091 Source/sys_timer.o
 .debug_info    0x0000f21e     0x1a2a Source/timer.o
 .debug_info    0x00010c48     0x2305 Source/uart.o
 .debug_info    0x00012f4d     0x10c4 Source/uart_mngr.o
 .debug_info    0x00014011       0xec Source/ErrorHelper.o
 .debug_info    0x000140fd      0xb7f Source/Message.o
 .debug_info    0x00014c7c     0x1443 ASF/sysclk.o
 .debug_info    0x000160bf      0xa81 ASF/sleepmgr.o
 .debug_info    0x00016b40      0xaf9 ASF/interrupt_sam_nvic.o
 .debug_info    0x00017639     0x1066 ASF/efc.o
 .debug_info    0x0001869f     0x109e ASF/flexcom.o
 .debug_info    0x0001973d      0xdb7 ASF/pdc.o
 .debug_info    0x0001a4f4     0x1a22 ASF/pio.o
 .debug_info    0x0001bf16     0x16ec ASF/pio_handler.o
 .debug_info    0x0001d602     0x1bfe ASF/pmc.o
 .debug_info    0x0001f200     0x1200 ASF/rtc.o
 .debug_info    0x00020400     0x123f ASF/spi.o
 .debug_info    0x0002163f      0xe2f ASF/supc.o
 .debug_info    0x0002246e     0x11ec ASF/tc.o
 .debug_info    0x0002365a     0x163f ASF/twi.o
 .debug_info    0x00024c99     0x20c1 ASF/usart.o
 .debug_info    0x00026d5a     0x1389 ASF/startup_samg55.o
 .debug_info    0x000280e3      0x542 ASF/system_samg55.o
 .debug_info    0x00028625      0xd84 ASF/syscalls.o

.debug_abbrev   0x00000000     0x57be
 .debug_abbrev  0x00000000      0x306 Source/main.o
 .debug_abbrev  0x00000306      0x228 Source/system-interface.o
 .debug_abbrev  0x0000052e      0x266 Source/example-raw-data-registers.o
 .debug_abbrev  0x00000794      0x331 Source/Icm426xxDriver_HL.o
 .debug_abbrev  0x00000ac5      0x158 Source/Icm426xxTransport.o
 .debug_abbrev  0x00000c1d      0x35a Source/common.o
 .debug_abbrev  0x00000f77       0xf5 Source/delay.o
 .debug_abbrev  0x0000106c      0x347 Source/gpio.o
 .debug_abbrev  0x000013b3      0x365 Source/i2c_master.o
 .debug_abbrev  0x00001718      0x23e Source/rtc_timer.o
 .debug_abbrev  0x00001956      0x429 Source/spi_master.o
 .debug_abbrev  0x00001d7f      0x279 Source/sys_timer.o
 .debug_abbrev  0x00001ff8      0x342 Source/timer.o
 .debug_abbrev  0x0000233a      0x3e9 Source/uart.o
 .debug_abbrev  0x00002723      0x2b7 Source/uart_mngr.o
 .debug_abbrev  0x000029da       0x8d Source/ErrorHelper.o
 .debug_abbrev  0x00002a67      0x244 Source/Message.o
 .debug_abbrev  0x00002cab      0x2b7 ASF/sysclk.o
 .debug_abbrev  0x00002f62      0x1b2 ASF/sleepmgr.o
 .debug_abbrev  0x00003114      0x214 ASF/interrupt_sam_nvic.o
 .debug_abbrev  0x00003328      0x2f3 ASF/efc.o
 .debug_abbrev  0x0000361b      0x2d7 ASF/flexcom.o
 .debug_abbrev  0x000038f2      0x221 ASF/pdc.o
 .debug_abbrev  0x00003b13      0x285 ASF/pio.o
 .debug_abbrev  0x00003d98      0x2c9 ASF/pio_handler.o
 .debug_abbrev  0x00004061      0x2b8 ASF/pmc.o
 .debug_abbrev  0x00004319      0x24a ASF/rtc.o
 .debug_abbrev  0x00004563      0x2cf ASF/spi.o
 .debug_abbrev  0x00004832      0x221 ASF/supc.o
 .debug_abbrev  0x00004a53      0x257 ASF/tc.o
 .debug_abbrev  0x00004caa      0x280 ASF/twi.o
 .debug_abbrev  0x00004f2a      0x2ca ASF/usart.o
 .debug_abbrev  0x000051f4      0x2bb ASF/startup_samg55.o
 .debug_abbrev  0x000054af      0x102 ASF/system_samg55.o
 .debug_abbrev  0x000055b1      0x20d ASF/syscalls.o

.debug_loc      0x00000000     0xc267
 .debug_loc     0x00000000      0x29c Source/main.o
 .debug_loc     0x0000029c      0x2dc Source/system-interface.o
 .debug_loc     0x00000578      0x11d Source/example-raw-data-registers.o
 .debug_loc     0x00000695      0xf2a Source/Icm426xxDriver_HL.o
 .debug_loc     0x000015bf      0x1a8 Source/Icm426xxTransport.o
 .debug_loc     0x00001767      0x1e8 Source/common.o
 .debug_loc     0x0000194f      0x198 Source/delay.o
 .debug_loc     0x00001ae7      0x298 Source/gpio.o
 .debug_loc     0x00001d7f      0x384 Source/i2c_master.o
 .debug_loc     0x00002103      0x19e Source/rtc_timer.o
 .debug_loc     0x000022a1      0x988 Source/spi_master.o
 .debug_loc     0x00002c29      0x1dc Source/sys_timer.o
 .debug_loc     0x00002e05      0x6f8 Source/timer.o
 .debug_loc     0x000034fd      0x654 Source/uart.o
 .debug_loc     0x00003b51      0x2dc Source/uart_mngr.o
 .debug_loc     0x00003e2d       0x5c Source/ErrorHelper.o
 .debug_loc     0x00003e89      0x164 Source/Message.o
 .debug_loc     0x00003fed      0x4a2 ASF/sysclk.o
 .debug_loc     0x0000448f       0xa0 ASF/interrupt_sam_nvic.o
 .debug_loc     0x0000452f      0x60c ASF/efc.o
 .debug_loc     0x00004b3b      0x458 ASF/flexcom.o
 .debug_loc     0x00004f93      0x508 ASF/pdc.o
 .debug_loc     0x0000549b      0xe94 ASF/pio.o
 .debug_loc     0x0000632f      0x308 ASF/pio_handler.o
 .debug_loc     0x00006637     0x1698 ASF/pmc.o
 .debug_loc     0x00007ccf      0x844 ASF/rtc.o
 .debug_loc     0x00008513      0x630 ASF/spi.o
 .debug_loc     0x00008b43      0x5c0 ASF/supc.o
 .debug_loc     0x00009103      0x6d4 ASF/tc.o
 .debug_loc     0x000097d7      0xa30 ASF/twi.o
 .debug_loc     0x0000a207     0x1b10 ASF/usart.o
 .debug_loc     0x0000bd17      0x16c ASF/startup_samg55.o
 .debug_loc     0x0000be83       0xe4 ASF/system_samg55.o
 .debug_loc     0x0000bf67      0x300 ASF/syscalls.o

.debug_aranges  0x00000000     0x15d0
 .debug_aranges
                0x00000000       0x68 Source/main.o
 .debug_aranges
                0x00000068       0x60 Source/system-interface.o
 .debug_aranges
                0x000000c8       0x38 Source/example-raw-data-registers.o
 .debug_aranges
                0x00000100      0x198 Source/Icm426xxDriver_HL.o
 .debug_aranges
                0x00000298       0x40 Source/Icm426xxTransport.o
 .debug_aranges
                0x000002d8       0x50 Source/common.o
 .debug_aranges
                0x00000328       0x48 Source/delay.o
 .debug_aranges
                0x00000370       0x58 Source/gpio.o
 .debug_aranges
                0x000003c8       0x78 Source/i2c_master.o
 .debug_aranges
                0x00000440       0x40 Source/rtc_timer.o
 .debug_aranges
                0x00000480      0x100 Source/spi_master.o
 .debug_aranges
                0x00000580       0x50 Source/sys_timer.o
 .debug_aranges
                0x000005d0       0xe0 Source/timer.o
 .debug_aranges
                0x000006b0       0xc0 Source/uart.o
 .debug_aranges
                0x00000770       0x60 Source/uart_mngr.o
 .debug_aranges
                0x000007d0       0x20 Source/ErrorHelper.o
 .debug_aranges
                0x000007f0       0x38 Source/Message.o
 .debug_aranges
                0x00000828       0x98 ASF/sysclk.o
 .debug_aranges
                0x000008c0       0x18 ASF/sleepmgr.o
 .debug_aranges
                0x000008d8       0x28 ASF/interrupt_sam_nvic.o
 .debug_aranges
                0x00000900       0xa8 ASF/efc.o
 .debug_aranges
                0x000009a8       0x80 ASF/flexcom.o
 .debug_aranges
                0x00000a28       0x88 ASF/pdc.o
 .debug_aranges
                0x00000ab0      0x168 ASF/pio.o
 .debug_aranges
                0x00000c18       0x68 ASF/pio_handler.o
 .debug_aranges
                0x00000c80      0x240 ASF/pmc.o
 .debug_aranges
                0x00000ec0       0xd0 ASF/rtc.o
 .debug_aranges
                0x00000f90       0xa8 ASF/spi.o
 .debug_aranges
                0x00001038       0x98 ASF/supc.o
 .debug_aranges
                0x000010d0       0xb0 ASF/tc.o
 .debug_aranges
                0x00001180      0x100 ASF/twi.o
 .debug_aranges
                0x00001280      0x280 ASF/usart.o
 .debug_aranges
                0x00001500       0x40 ASF/startup_samg55.o
 .debug_aranges
                0x00001540       0x30 ASF/system_samg55.o
 .debug_aranges
                0x00001570       0x60 ASF/syscalls.o

.debug_ranges   0x00000000     0x14e8
 .debug_ranges  0x00000000       0x58 Source/main.o
 .debug_ranges  0x00000058       0x50 Source/system-interface.o
 .debug_ranges  0x000000a8       0x28 Source/example-raw-data-registers.o
 .debug_ranges  0x000000d0      0x188 Source/Icm426xxDriver_HL.o
 .debug_ranges  0x00000258       0x48 Source/Icm426xxTransport.o
 .debug_ranges  0x000002a0       0x58 Source/common.o
 .debug_ranges  0x000002f8       0x38 Source/delay.o
 .debug_ranges  0x00000330       0x90 Source/gpio.o
 .debug_ranges  0x000003c0       0xc8 Source/i2c_master.o
 .debug_ranges  0x00000488       0x30 Source/rtc_timer.o
 .debug_ranges  0x000004b8      0x150 Source/spi_master.o
 .debug_ranges  0x00000608       0x40 Source/sys_timer.o
 .debug_ranges  0x00000648       0xd0 Source/timer.o
 .debug_ranges  0x00000718       0xc8 Source/uart.o
 .debug_ranges  0x000007e0       0x50 Source/uart_mngr.o
 .debug_ranges  0x00000830       0x10 Source/ErrorHelper.o
 .debug_ranges  0x00000840       0x28 Source/Message.o
 .debug_ranges  0x00000868       0x88 ASF/sysclk.o
 .debug_ranges  0x000008f0       0x18 ASF/interrupt_sam_nvic.o
 .debug_ranges  0x00000908       0x98 ASF/efc.o
 .debug_ranges  0x000009a0       0x70 ASF/flexcom.o
 .debug_ranges  0x00000a10       0x78 ASF/pdc.o
 .debug_ranges  0x00000a88      0x158 ASF/pio.o
 .debug_ranges  0x00000be0       0x58 ASF/pio_handler.o
 .debug_ranges  0x00000c38      0x230 ASF/pmc.o
 .debug_ranges  0x00000e68       0xc0 ASF/rtc.o
 .debug_ranges  0x00000f28       0x98 ASF/spi.o
 .debug_ranges  0x00000fc0       0x88 ASF/supc.o
 .debug_ranges  0x00001048       0xa0 ASF/tc.o
 .debug_ranges  0x000010e8       0xf0 ASF/twi.o
 .debug_ranges  0x000011d8      0x270 ASF/usart.o
 .debug_ranges  0x00001448       0x30 ASF/startup_samg55.o
 .debug_ranges  0x00001478       0x20 ASF/system_samg55.o
 .debug_ranges  0x00001498       0x50 ASF/syscalls.o

.debug_macro    0x00000000    0x1ae08
 .debug_macro   0x00000000      0x24d Source/main.o
 .debug_macro   0x0000024d      0x8da Source/main.o
 .debug_macro   0x00000b27       0x22 Source/main.o
 .debug_macro   0x00000b49       0x4f Source/main.o
 .debug_macro   0x00000b98       0x51 Source/main.o
 .debug_macro   0x00000be9       0xef Source/main.o
 .debug_macro   0x00000cd8       0x6a Source/main.o
 .debug_macro   0x00000d42      0x1df Source/main.o
 .debug_macro   0x00000f21      0xe35 Source/main.o
 .debug_macro   0x00001d56       0x58 Source/main.o